Microchip MPLAB XC8 Compiler V2.40

Linker command line:

-W-3 \
  --edf=C:\Program Files\Microchip\xc8\v2.40\pic\dat\20220703182018_en.msgs \
  -cn -h+dist/default/debug\SD_MCC.X.debug.sym \
  --cmf=dist/default/debug\SD_MCC.X.debug.cmf -z -Q18F46K22 \
  -oC:\Users\willi\AppData\Local\Temp\xcAsr6k.4 --defsym=__MPLAB_BUILD=1 \
  --fixupoverflow=error -Mdist/default/debug/SD_MCC.X.debug.map \
  --md=C:\Users\willi\AppData\Local\Temp\xcAsr6k.dat -E1 -ver=XC8 Compiler \
  --acfsm=1493 -ACODE=00h-0FFFFh -ACONST=00h-0FFFFh \
  -ASMALLCONST=01000h-010FFhx240 -AMEDIUMCONST=01000h-0FFFFh \
  -ACOMRAM=01h-05Fh -AABS1=00h-0F37h -ABIGRAM=01h-0F37h \
  -ARAM=060h-0FFh,0100h-01FFhx14,0F00h-0F37h -ABANK0=060h-0FFh \
  -ABANK1=0100h-01FFh -ABANK2=0200h-02FFh -ABANK3=0300h-03FFh \
  -ABANK4=0400h-04FFh -ABANK5=0500h-05FFh -ABANK6=0600h-06FFh \
  -ABANK7=0700h-07FFh -ABANK8=0800h-08FFh -ABANK9=0900h-09FFh \
  -ABANK10=0A00h-0AFFh -ABANK11=0B00h-0BFFh -ABANK12=0C00h-0CFFh \
  -ABANK13=0D00h-0DFFh -ABANK14=0E00h-0EFFh -ABANK15=0F00h-0F37h \
  -ASFR=0F38h-0F5Fh,0F60h-0FFFh -ABIGSFR=0F38h-0FFFh \
  -ACONFIG=0300000h-030000Dh -AIDLOC=0200000h-0200007h \
  -AEEDATA=0F00000h-0F003FFh -peeprom_data=EEDATA \
  -preset_vec=00h,intcode,intcodelo,powerup,init -pramtop=01000h \
  -psmallconst=SMALLCONST -pmediumconst=MEDIUMCONST -pconst=CONST \
  -AFARRAM=00h-00h \
  -prdata=COMRAM,nvrram=COMRAM,nvbit=COMRAM,rbss=COMRAM,rbit=COMRAM \
  -pfarbss=FARRAM,fardata=FARRAM,nvFARRAM=FARRAM \
  -pintsave_regs=BIGRAM,bigbss=BIGRAM,bigdata=BIGRAM -pbss=RAM \
  -pidata=CODE,irdata=CODE,ibigdata=CODE,ifardata=CODE -prparam=COMRAM \
  C:\Users\willi\AppData\Local\Temp\xcAsr6k.o \
  dist/default/debug\SD_MCC.X.debug.o 

Object code version is 3.11

Machine type is 18F46K22



                Name                               Link     Load   Length Selector   Space Scale
C:\Users\willi\AppData\Local\Temp\xcAsr6k.o
                idloc                            200000   200000        8        0       5
                config                           300000   300000        E        0       4
                init                                  0        0        4        0       0
dist/default/debug\SD_MCC.X.debug.o
                idloc                            200000   200000        8        0       5
                config                           300000   300000        E        0       4
                mediumconst                        FEBA     FEBA      146     7F5D       0
                text66                             8AC6     8AC6        E     4563       0
                text65                             8C00     8C00       3E     4600       0
                text64                             8AE2     8AE2       12     4571       0
                text63                             8AD4     8AD4        E     456A       0
                text62                             940E     940E       B8     4A07       0
                text61                             8AA2     8AA2        8     4551       0
                text60                             8AAA     8AAA        8     4555       0
                text59                             8B22     8B22       1A     4591       0
                text58                             8C8A     8C8A       50     4645       0
                text57                             C436     C436      4A8     621B       0
                text56                             91C8     91C8       86     48E4       0
                text55                             AD4C     AD4C      298     56A6       0
                text54                             BFD8     BFD8      45E     5FEC       0
                text53                             8A96     8A96        4     454B       0
                text52                             99CE     99CE      136     4CE7       0
                text51                             8FE4     8FE4       74     47F2       0
                text50                             D38E     D38E      6B8     69C7       0
                text49                             9B04     9B04      136     4D82       0
                text48                             9058     9058       74     482C       0
                text47                             A308     A308      19E     5184       0
                text46                             957E     957E       CC     4ABF       0
                text45                             8B3C     8B3C       28     459E       0
                text44                             8C3E     8C3E       4C     461F       0
                text43                             8B64     8B64       32     45B2       0
                text42                             8B96     8B96       32     45CB       0
                text41                             8F08     8F08       6C     4784       0
                text40                             A4A6     A4A6      1FE     5253       0
                text39                             8B0A     8B0A       18     4585       0
                text38                             8A9A     8A9A        4     454D       0
                text37                             8A9E     8A9E        4     454F       0
                text36                             90CC     90CC       7C     4866       0
                text35                             98D0     98D0       FE     4C68       0
                text34                             A6A4     A6A4      1FE     5352       0
                text33                             8D80     8D80       5A     46C0       0
                text32                             936A     936A       A4     49B5       0
                text31                             8BC8     8BC8       38     45E4       0
                text30                             924E     924E       88     4927       0
                text29                             A024     A024      160     5012       0
                text28                             8DDA     8DDA       60     46ED       0
                text27                             8E9E     8E9E       6A     474F       0
                text26                             E1FE     E1FE      7CE     70FF       0
                text25                             8D2C     8D2C       54     4696       0
                text24                             9C3A     9C3A      14C     4E1D       0
                text23                             94C6     94C6       B8     4A63       0
                text22                             F23C     F23C      C7E     791E       0
                text21                             9716     9716       D8     4B8B       0
                text20                             B36E     B36E      400     59B7       0
                text19                             C8DE     C8DE      500     646F       0
                text18                             CDDE     CDDE      5B0     66EF       0
                text17                             964A     964A       CC     4B25       0
                text16                             9ED4     9ED4      150     4F6A       0
                text15                             B76E     B76E      416     5BB7       0
                text14                             AFE4     AFE4      38A     57F2       0
                text13                             9D86     9D86      14E     4EC3       0
                text12                             8F74     8F74       70     47BA       0
                text11                             97EE     97EE       E2     4BF7       0
                text10                             8E3A     8E3A       64     471D       0
                text9                              8AB2     8AB2        A     4559       0
                text8                              8ABC     8ABC        A     455E       0
                text7                              BB84     BB84      454     5DC2       0
                text6                              A184     A184      184     50C2       0
                text5                              9148     9148       80     48A4       0
                text4                              AAD4     AAD4      278     556A       0
                text3                              A8A2     A8A2      232     5451       0
                text2                              DA46     DA46      7B8     6D23       0
                text1                              E9CC     E9CC      870     74E6       0
                text0                              92D6     92D6       94     496B       0
                cstackCOMRAM                          1        1       5F        1       1
                cstackBANK0                          60       60       94       60       1
                cstackBANK1                         100      100       43      100       1
                bssBIGRAM                           68E      68E      8AA      68E       1
                dataBANK1                           143      143       16      100       1
                bssBANK1                            159      159       15      100       1
                bssBANK0                             F4       F4        C       60       1
                cinit                              8CDA     8CDA       52     466D       0
                idataBANK1                         8AF4     8AF4       16     8AF4       0

TOTAL           Name                               Link     Load   Length     Space
        CLASS   CODE           
                init                                  0        0        4         0
                text66                             8AC6     8AC6        E         0
                text65                             8C00     8C00       3E         0
                text64                             8AE2     8AE2       12         0
                text63                             8AD4     8AD4        E         0
                text62                             940E     940E       B8         0
                text61                             8AA2     8AA2        8         0
                text60                             8AAA     8AAA        8         0
                text59                             8B22     8B22       1A         0
                text58                             8C8A     8C8A       50         0
                text57                             C436     C436      4A8         0
                text56                             91C8     91C8       86         0
                text55                             AD4C     AD4C      298         0
                text54                             BFD8     BFD8      45E         0
                text53                             8A96     8A96        4         0
                text52                             99CE     99CE      136         0
                text51                             8FE4     8FE4       74         0
                text50                             D38E     D38E      6B8         0
                text49                             9B04     9B04      136         0
                text48                             9058     9058       74         0
                text47                             A308     A308      19E         0
                text46                             957E     957E       CC         0
                text45                             8B3C     8B3C       28         0
                text44                             8C3E     8C3E       4C         0
                text43                             8B64     8B64       32         0
                text42                             8B96     8B96       32         0
                text41                             8F08     8F08       6C         0
                text40                             A4A6     A4A6      1FE         0
                text39                             8B0A     8B0A       18         0
                text38                             8A9A     8A9A        4         0
                text37                             8A9E     8A9E        4         0
                text36                             90CC     90CC       7C         0
                text35                             98D0     98D0       FE         0
                text34                             A6A4     A6A4      1FE         0
                text33                             8D80     8D80       5A         0
                text32                             936A     936A       A4         0
                text31                             8BC8     8BC8       38         0
                text30                             924E     924E       88         0
                text29                             A024     A024      160         0
                text28                             8DDA     8DDA       60         0
                text27                             8E9E     8E9E       6A         0
                text26                             E1FE     E1FE      7CE         0
                text25                             8D2C     8D2C       54         0
                text24                             9C3A     9C3A      14C         0
                text23                             94C6     94C6       B8         0
                text22                             F23C     F23C      C7E         0
                text21                             9716     9716       D8         0
                text20                             B36E     B36E      400         0
                text19                             C8DE     C8DE      500         0
                text18                             CDDE     CDDE      5B0         0
                text17                             964A     964A       CC         0
                text16                             9ED4     9ED4      150         0
                text15                             B76E     B76E      416         0
                text14                             AFE4     AFE4      38A         0
                text13                             9D86     9D86      14E         0
                text12                             8F74     8F74       70         0
                text11                             97EE     97EE       E2         0
                text10                             8E3A     8E3A       64         0
                text9                              8AB2     8AB2        A         0
                text8                              8ABC     8ABC        A         0
                text7                              BB84     BB84      454         0
                text6                              A184     A184      184         0
                text5                              9148     9148       80         0
                text4                              AAD4     AAD4      278         0
                text3                              A8A2     A8A2      232         0
                text2                              DA46     DA46      7B8         0
                text1                              E9CC     E9CC      870         0
                text0                              92D6     92D6       94         0
                cinit                              8CDA     8CDA       52         0
                idataBANK1                         8AF4     8AF4       16         0

        CLASS   CONST          

        CLASS   SMALLCONST     

        CLASS   MEDIUMCONST    
                mediumconst                        FEBA     FEBA      146         0

        CLASS   COMRAM         
                cstackCOMRAM                          1        1       5F         1

        CLASS   ABS1           

        CLASS   BIGRAM         
                bssBIGRAM                           68E      68E      8AA         1

        CLASS   RAM            

        CLASS   BANK0          
                cstackBANK0                          60       60       94         1
                bssBANK0                             F4       F4        C         1

        CLASS   BANK1          
                cstackBANK1                         100      100       43         1
                dataBANK1                           143      143       16         1
                bssBANK1                            159      159       15         1

        CLASS   BANK2          

        CLASS   BANK3          

        CLASS   BANK4          

        CLASS   BANK5          

        CLASS   BANK6          

        CLASS   BANK7          

        CLASS   BANK8          

        CLASS   BANK9          

        CLASS   BANK10         

        CLASS   BANK11         

        CLASS   BANK12         

        CLASS   BANK13         

        CLASS   BANK14         

        CLASS   BANK15         

        CLASS   SFR            

        CLASS   BIGSFR         

        CLASS   CONFIG         
                config                           300000   300000        E         4

        CLASS   IDLOC          
                idloc                            200000   200000        8         5

        CLASS   EEDATA         

        CLASS   FARRAM         

        CLASS   HEAP           

        CLASS   STACK          



SEGMENTS        Name                           Load    Length   Top    Selector   Space  Class

                reset_vec                      000000  000004  000004         0       0  CODE    
                cstackCOMRAM                   000001  00005F  000060         1       1  COMRAM  
                cstackBANK0                    000060  0000A0  000100        60       1  BANK0   
                cstackBANK1                    000100  00006E  00016E       100       1  BANK1   
                bssBIGRAM                      00068E  0008AA  000F38       68E       1  BIGRAM  
                text53                         008A96  000004  008A9A      454B       0  CODE    
                text38                         008A9A  000004  008A9E      454D       0  CODE    
                text37                         008A9E  000004  008AA2      454F       0  CODE    
                text61                         008AA2  000008  008AAA      4551       0  CODE    
                text60                         008AAA  000008  008AB2      4555       0  CODE    
                text9                          008AB2  00000A  008ABC      4559       0  CODE    
                text8                          008ABC  00000A  008AC6      455E       0  CODE    
                text66                         008AC6  00000E  008AD4      4563       0  CODE    
                text63                         008AD4  00000E  008AE2      456A       0  CODE    
                text64                         008AE2  000012  008AF4      4571       0  CODE    
                idataBANK1                     008AF4  000016  008B0A      8AF4       0  CODE    
                text39                         008B0A  000018  008B22      4585       0  CODE    
                text59                         008B22  00001A  008B3C      4591       0  CODE    
                text45                         008B3C  000028  008B64      459E       0  CODE    
                text43                         008B64  000032  008B96      45B2       0  CODE    
                text42                         008B96  000032  008BC8      45CB       0  CODE    
                text31                         008BC8  000038  008C00      45E4       0  CODE    
                text65                         008C00  00003E  008C3E      4600       0  CODE    
                text44                         008C3E  00004C  008C8A      461F       0  CODE    
                text58                         008C8A  000050  008CDA      4645       0  CODE    
                cinit                          008CDA  000052  008D2C      466D       0  CODE    
                text25                         008D2C  000054  008D80      4696       0  CODE    
                text33                         008D80  00005A  008DDA      46C0       0  CODE    
                text28                         008DDA  000060  008E3A      46ED       0  CODE    
                text10                         008E3A  000064  008E9E      471D       0  CODE    
                text27                         008E9E  00006A  008F08      474F       0  CODE    
                text41                         008F08  00006C  008F74      4784       0  CODE    
                text12                         008F74  000070  008FE4      47BA       0  CODE    
                text51                         008FE4  000074  009058      47F2       0  CODE    
                text48                         009058  000074  0090CC      482C       0  CODE    
                text36                         0090CC  00007C  009148      4866       0  CODE    
                text5                          009148  000080  0091C8      48A4       0  CODE    
                text56                         0091C8  000086  00924E      48E4       0  CODE    
                text30                         00924E  000088  0092D6      4927       0  CODE    
                text0                          0092D6  000094  00936A      496B       0  CODE    
                text32                         00936A  0000A4  00940E      49B5       0  CODE    
                text62                         00940E  0000B8  0094C6      4A07       0  CODE    
                text23                         0094C6  0000B8  00957E      4A63       0  CODE    
                text46                         00957E  0000CC  00964A      4ABF       0  CODE    
                text17                         00964A  0000CC  009716      4B25       0  CODE    
                text21                         009716  0000D8  0097EE      4B8B       0  CODE    
                text11                         0097EE  0000E2  0098D0      4BF7       0  CODE    
                text35                         0098D0  0000FE  0099CE      4C68       0  CODE    
                text52                         0099CE  000136  009B04      4CE7       0  CODE    
                text49                         009B04  000136  009C3A      4D82       0  CODE    
                text24                         009C3A  00014C  009D86      4E1D       0  CODE    
                text13                         009D86  00014E  009ED4      4EC3       0  CODE    
                text16                         009ED4  000150  00A024      4F6A       0  CODE    
                text29                         00A024  000160  00A184      5012       0  CODE    
                text6                          00A184  000184  00A308      50C2       0  CODE    
                text47                         00A308  00019E  00A4A6      5184       0  CODE    
                text40                         00A4A6  0001FE  00A6A4      5253       0  CODE    
                text34                         00A6A4  0001FE  00A8A2      5352       0  CODE    
                text3                          00A8A2  000232  00AAD4      5451       0  CODE    
                text4                          00AAD4  000278  00AD4C      556A       0  CODE    
                text55                         00AD4C  000298  00AFE4      56A6       0  CODE    
                text14                         00AFE4  00038A  00B36E      57F2       0  CODE    
                text20                         00B36E  000400  00B76E      59B7       0  CODE    
                text15                         00B76E  000416  00BB84      5BB7       0  CODE    
                text7                          00BB84  000454  00BFD8      5DC2       0  CODE    
                text54                         00BFD8  00045E  00C436      5FEC       0  CODE    
                text57                         00C436  0004A8  00C8DE      621B       0  CODE    
                text19                         00C8DE  000500  00CDDE      646F       0  CODE    
                text18                         00CDDE  0005B0  00D38E      66EF       0  CODE    
                text50                         00D38E  0006B8  00DA46      69C7       0  CODE    
                text2                          00DA46  0007B8  00E1FE      6D23       0  CODE    
                text26                         00E1FE  0007CE  00E9CC      70FF       0  CODE    
                text1                          00E9CC  000870  00F23C      74E6       0  CODE    
                text22                         00F23C  000C7E  00FEBA      791E       0  CODE    
                mediumconst                    00FEBA  000146  010000      7F5D       0  MEDIUMCO


UNUSED ADDRESS RANGES

        Name                Unused          Largest block    Delta
        BANK1            00016E-0001FF               92
        BANK2            000200-0002FF              100
        BANK3            000300-0003FF              100
        BANK4            000400-0004FF              100
        BANK5            000500-0005FF              100
        BANK6            000600-00068D               8E
        BIGRAM           00016E-00068D              520
        BIGSFR           000F38-000FFF               C8
        CODE             000004-008A95             8A92
        CONST            000004-008A95             8A92
        EEDATA           F00000-F003FF              400
        MEDIUMCONST      001000-008A95             7A96
        RAM              00016E-00068D              100
        SFR              000F38-000FFF               28
        SMALLCONST       001000-008A95              100

                                  Symbol Table

?_SD_SendCmd                              cstackCOMRAM 00000C
?___lldiv                                 cstackCOMRAM 000001
?___lmul                                  cstackCOMRAM 000001
?_chk_chr                                 cstackCOMRAM 000001
?_clst2sect                               cstackCOMRAM 00000D
?_create_chain                            cstackBANK0  000098
?_dbc_1st                                 cstackCOMRAM 000001
?_dbc_2nd                                 cstackCOMRAM 000001
?_get_fat                                 cstackBANK0  000077
?_get_ldnumber                            cstackCOMRAM 000001
?_ld_clust                                cstackCOMRAM 000008
?_ld_dword                                cstackCOMRAM 000001
?_ld_word                                 cstackCOMRAM 000001
?_mem_cmp                                 cstackCOMRAM 000001
FatFsDemo_Tasks@F259                      dataBANK1    000143
SD_SPI_AsyncReadTasks@SingleBlockRead     bssBANK0     0000FF
SD_SPI_AsyncReadTasks@bData               cstackCOMRAM 00002E
SD_SPI_AsyncReadTasks@blockCounter        bssBANK0     0000FA
SD_SPI_AsyncReadTasks@info                cstackCOMRAM 000023
SD_SPI_AsyncReadTasks@longTimeoutCounter  bssBANK1     00016A
SD_SPI_AsyncReadTasks@response            cstackCOMRAM 000029
SD_SPI_AsyncWriteTasks@WriteTimeout       bssBANK1     000166
SD_SPI_AsyncWriteTasks@blockCounter       bssBANK0     0000F8
SD_SPI_AsyncWriteTasks@command            bssBANK0     0000FD
SD_SPI_AsyncWriteTasks@data_byte          bssBANK0     0000FE
SD_SPI_AsyncWriteTasks@info               cstackCOMRAM 000023
SD_SPI_AsyncWriteTasks@preEraseBlockCount cstackCOMRAM 00002E
SD_SPI_AsyncWriteTasks@response           cstackCOMRAM 000029
SD_SPI_DelayMilliseconds@milliseconds     cstackCOMRAM 000006
SD_SPI_DelayMilliseconds@timeout          cstackCOMRAM 000004
SD_SPI_MediaInitialize@CSDResponse        cstackCOMRAM 00002E
SD_SPI_MediaInitialize@block_len          cstackCOMRAM 000048
SD_SPI_MediaInitialize@c_size             cstackCOMRAM 00004A
SD_SPI_MediaInitialize@c_size_mult        cstackCOMRAM 000046
SD_SPI_MediaInitialize@count              cstackCOMRAM 000049
SD_SPI_MediaInitialize@index              cstackCOMRAM 000047
SD_SPI_MediaInitialize@response           cstackCOMRAM 00004E
SD_SPI_MediaInitialize@timeout            cstackCOMRAM 000053
SD_SPI_SectorRead@buffer                  cstackCOMRAM 000033
SD_SPI_SectorRead@i                       cstackCOMRAM 00003B
SD_SPI_SectorRead@info                    cstackCOMRAM 00003D
SD_SPI_SectorRead@result                  cstackCOMRAM 000039
SD_SPI_SectorRead@sector_address          cstackCOMRAM 00002F
SD_SPI_SectorRead@sector_count            cstackCOMRAM 000035
SD_SPI_SectorRead@status                  cstackCOMRAM 00003A
SD_SPI_SectorWrite@buffer                 cstackCOMRAM 000036
SD_SPI_SectorWrite@i                      cstackCOMRAM 00003E
SD_SPI_SectorWrite@info                   cstackCOMRAM 000040
SD_SPI_SectorWrite@result                 cstackCOMRAM 00003C
SD_SPI_SectorWrite@sector_address         cstackCOMRAM 000032
SD_SPI_SectorWrite@sector_count           cstackCOMRAM 000038
SD_SPI_SectorWrite@status                 cstackCOMRAM 00003D
SD_SendCmd@address                        cstackCOMRAM 00000C
SD_SendCmd@address_bytes                  cstackCOMRAM 000017
SD_SendCmd@cmd                            cstackCOMRAM 00001D
SD_SendCmd@longTimeout                    cstackCOMRAM 000013
SD_SendCmd@response                       cstackCOMRAM 00001E
SD_SendCmd@timeout                        cstackCOMRAM 00001B
SPI1_ExchangeBlock@block                  cstackCOMRAM 000001
SPI1_ExchangeBlock@blockSize              cstackCOMRAM 000003
SPI1_ExchangeBlock@data                   cstackCOMRAM 000005
SPI1_ExchangeByte@data                    cstackCOMRAM 000001
SPI1_Open@spi1UniqueConfiguration         cstackCOMRAM 000002
_ANSELA                                   (abs)        000F38
_ANSELB                                   (abs)        000F39
_ANSELC                                   (abs)        000F3A
_ANSELD                                   (abs)        000F3B
_ANSELE                                   (abs)        000F3C
_CurrVol                                  bssBANK0     0000FC
_ExCvt                                    mediumconst  00FEBB
_FatFs                                    bssBIGRAM    0008C1
_FatFs@ff$F1589                           bssBANK0     0000F6
_Fil                                      bssBIGRAM    000D16
_Fsid                                     bssBANK0     0000F4
_INTCON2bits                              (abs)        000FF1
_INTCONbits                               (abs)        000FF2
_LATA                                     (abs)        000F89
_LATB                                     (abs)        000F8A
_LATC                                     (abs)        000F8B
_LATCbits                                 (abs)        000F8B
_LATD                                     (abs)        000F8C
_LATE                                     (abs)        000F8D
_OSCCON                                   (abs)        000FD3
_OSCCON2                                  (abs)        000FD2
_OSCILLATOR_Initialize                    text66       008AC6
_OSCTUNE                                  (abs)        000F9B
_PIN_MANAGER_Initialize                   text65       008C00
_PIR1bits                                 (abs)        000F9E
_SDFAST_open                              text60       008AAA
_SDSLOW_open                              text61       008AA2
_SD_SPI_AsyncReadTasks                    text54       00BFD8
_SD_SPI_AsyncWriteTasks                   text50       00D38E
_SD_SPI_DelayMilliseconds                 text28       008DDA
_SD_SPI_IsMediaInitialized                text39       008B0A
_SD_SPI_IsMediaPresent                    text38       008A9A
_SD_SPI_IsWriteProtected                  text37       008A9E
_SD_SPI_MediaInitialize                   text26       00E1FE
_SD_SPI_MediaInitialize$4163              cstackCOMRAM 000042
_SD_SPI_SectorRead                        text52       0099CE
_SD_SPI_SectorWrite                       text49       009B04
_SD_SendCmd                               text57       00C436
_SPI1_Close                               text53       008A96
_SPI1_ExchangeBlock                       text56       0091C8
_SPI1_ExchangeByte                        text59       008B22
_SPI1_Initialize                          text64       008AE2
_SPI1_Open                                text62       00940E
_SPI1_ReadBlock                           (abs)        000000
_SPI1_ReadByte                            (abs)        000000
_SPI1_WriteBlock                          (abs)        000000
_SPI1_WriteByte                           (abs)        000000
_SSP1ADD                                  (abs)        000FC8
_SSP1BUF                                  (abs)        000FC9
_SSP1CON1                                 (abs)        000FC6
_SSP1CON1bits                             (abs)        000FC6
_SSP1CON2                                 (abs)        000FC5
_SSP1STAT                                 (abs)        000FC7
_SYSTEM_Initialize                        text63       008AD4
_TRISA                                    (abs)        000F92
_TRISB                                    (abs)        000F93
_TRISC                                    (abs)        000F94
_TRISCbits                                (abs)        000F94
_TRISD                                    (abs)        000F95
_TRISE                                    (abs)        000F96
_WPUB                                     (abs)        000F61
__HRAM                                    (abs)        000000
__Habs1                                   abs1         000000
__Hbank0                                  bank0        000000
__Hbank1                                  bank1        000000
__Hbank10                                 bank10       000000
__Hbank11                                 bank11       000000
__Hbank12                                 bank12       000000
__Hbank13                                 bank13       000000
__Hbank14                                 bank14       000000
__Hbank15                                 bank15       000000
__Hbank2                                  bank2        000000
__Hbank3                                  bank3        000000
__Hbank4                                  bank4        000000
__Hbank5                                  bank5        000000
__Hbank6                                  bank6        000000
__Hbank7                                  bank7        000000
__Hbank8                                  bank8        000000
__Hbank9                                  bank9        000000
__Hbigbss                                 bigbss       000000
__Hbigdata                                bigdata      000000
__Hbigram                                 bigram       000000
__Hbigsfr                                 bigsfr       000000
__Hbss                                    bss          000000
__HbssBANK0                               bssBANK0     000000
__HbssBANK1                               bssBANK1     000000
__HbssBIGRAM                              bssBIGRAM    000000
__Hcinit                                  cinit        000000
__Hclrtext                                clrtext      000000
__Hcomram                                 comram       000000
__Hconfig                                 config       30000E
__Hconst                                  const        000000
__HcstackBANK0                            cstackBANK0  000000
__HcstackBANK1                            cstackBANK1  000000
__HcstackCOMRAM                           cstackCOMRAM 000000
__Hdata                                   data         000000
__HdataBANK1                              dataBANK1    000000
__Heeprom_data                            eeprom_data  000000
__Hfarbss                                 farbss       000000
__Hfardata                                fardata      000000
__Hheap                                   heap         000000
__Hibigdata                               ibigdata     000000
__Hidata                                  idata        000000
__HidataBANK1                             idataBANK1   000000
__Hidloc                                  idloc        200008
__Hifardata                               ifardata     000000
__Hinit                                   init         000004
__Hintcode                                intcode      000000
__Hintcode_body                           intcode_body 000000
__Hintcodelo                              intcodelo    000000
__Hintentry                               intentry     000000
__Hintret                                 intret       000000
__Hintsave_regs                           intsave_regs 000000
__Hirdata                                 irdata       000000
__Hmediumconst                            mediumconst  010000
__HnvFARRAM                               nvFARRAM     000000
__Hnvbit                                  nvbit        000000
__Hnvrram                                 nvrram       000000
__Hparam                                  rparam       000000
__Hpowerup                                powerup      000000
__Hram                                    ram          000000
__Hramtop                                 ramtop       001000
__Hrbit                                   rbit         000000
__Hrbss                                   rbss         000000
__Hrdata                                  rdata        000000
__Hreset_vec                              reset_vec    000000
__Hrparam                                 rparam       000000
__Hsfr                                    sfr          000000
__Hsmallconst                             smallconst   000000
__Hspace_0                                (abs)        010000
__Hspace_1                                (abs)        000F38
__Hspace_2                                (abs)        000000
__Hspace_4                                (abs)        60000E
__Hstack                                  stack        000000
__Hstruct                                 struct       000000
__Htemp                                   temp         000000
__Htext                                   text         000000
__Htext0                                  text0        000000
__Htext1                                  text1        000000
__Htext10                                 text10       000000
__Htext11                                 text11       000000
__Htext12                                 text12       000000
__Htext13                                 text13       000000
__Htext14                                 text14       000000
__Htext15                                 text15       000000
__Htext16                                 text16       000000
__Htext17                                 text17       000000
__Htext18                                 text18       000000
__Htext19                                 text19       000000
__Htext2                                  text2        000000
__Htext20                                 text20       000000
__Htext21                                 text21       000000
__Htext22                                 text22       000000
__Htext23                                 text23       000000
__Htext24                                 text24       000000
__Htext25                                 text25       000000
__Htext26                                 text26       000000
__Htext27                                 text27       000000
__Htext28                                 text28       000000
__Htext29                                 text29       000000
__Htext3                                  text3        000000
__Htext30                                 text30       000000
__Htext31                                 text31       000000
__Htext32                                 text32       000000
__Htext33                                 text33       000000
__Htext34                                 text34       000000
__Htext35                                 text35       000000
__Htext36                                 text36       000000
__Htext37                                 text37       000000
__Htext38                                 text38       000000
__Htext39                                 text39       000000
__Htext4                                  text4        000000
__Htext40                                 text40       000000
__Htext41                                 text41       000000
__Htext42                                 text42       000000
__Htext43                                 text43       000000
__Htext44                                 text44       000000
__Htext45                                 text45       000000
__Htext46                                 text46       000000
__Htext47                                 text47       000000
__Htext48                                 text48       000000
__Htext49                                 text49       000000
__Htext5                                  text5        000000
__Htext50                                 text50       000000
__Htext51                                 text51       000000
__Htext52                                 text52       000000
__Htext53                                 text53       000000
__Htext54                                 text54       000000
__Htext55                                 text55       000000
__Htext56                                 text56       000000
__Htext57                                 text57       000000
__Htext58                                 text58       000000
__Htext59                                 text59       000000
__Htext6                                  text6        000000
__Htext60                                 text60       000000
__Htext61                                 text61       000000
__Htext62                                 text62       000000
__Htext63                                 text63       000000
__Htext64                                 text64       000000
__Htext65                                 text65       000000
__Htext66                                 text66       000000
__Htext67                                 text67       000000
__Htext7                                  text7        000000
__Htext8                                  text8        000000
__Htext9                                  text9        000000
__LRAM                                    (abs)        000001
__Labs1                                   abs1         000000
__Lbank0                                  bank0        000000
__Lbank1                                  bank1        000000
__Lbank10                                 bank10       000000
__Lbank11                                 bank11       000000
__Lbank12                                 bank12       000000
__Lbank13                                 bank13       000000
__Lbank14                                 bank14       000000
__Lbank15                                 bank15       000000
__Lbank2                                  bank2        000000
__Lbank3                                  bank3        000000
__Lbank4                                  bank4        000000
__Lbank5                                  bank5        000000
__Lbank6                                  bank6        000000
__Lbank7                                  bank7        000000
__Lbank8                                  bank8        000000
__Lbank9                                  bank9        000000
__Lbigbss                                 bigbss       000000
__Lbigdata                                bigdata      000000
__Lbigram                                 bigram       000000
__Lbigsfr                                 bigsfr       000000
__Lbss                                    bss          000000
__LbssBANK0                               bssBANK0     000000
__LbssBANK1                               bssBANK1     000000
__LbssBIGRAM                              bssBIGRAM    000000
__Lcinit                                  cinit        000000
__Lclrtext                                clrtext      000000
__Lcomram                                 comram       000000
__Lconfig                                 config       000000
__Lconst                                  const        000000
__LcstackBANK0                            cstackBANK0  000000
__LcstackBANK1                            cstackBANK1  000000
__LcstackCOMRAM                           cstackCOMRAM 000000
__Ldata                                   data         000000
__LdataBANK1                              dataBANK1    000000
__Leeprom_data                            eeprom_data  000000
__Lfarbss                                 farbss       000000
__Lfardata                                fardata      000000
__Lheap                                   heap         000000
__Libigdata                               ibigdata     000000
__Lidata                                  idata        000000
__LidataBANK1                             idataBANK1   000000
__Lidloc                                  idloc        000000
__Lifardata                               ifardata     000000
__Linit                                   init         000000
__Lintcode                                intcode      000000
__Lintcode_body                           intcode_body 000000
__Lintcodelo                              intcodelo    000000
__Lintentry                               intentry     000000
__Lintret                                 intret       000000
__Lintsave_regs                           intsave_regs 000000
__Lirdata                                 irdata       000000
__Lmediumconst                            mediumconst  00FEBA
__LnvFARRAM                               nvFARRAM     000000
__Lnvbit                                  nvbit        000000
__Lnvrram                                 nvrram       000000
__Lparam                                  rparam       000000
__Lpowerup                                powerup      000000
__Lram                                    ram          000000
__Lramtop                                 ramtop       001000
__Lrbit                                   rbit         000000
__Lrbss                                   rbss         000000
__Lrdata                                  rdata        000000
__Lreset_vec                              reset_vec    000000
__Lrparam                                 rparam       000000
__Lsfr                                    sfr          000000
__Lsmallconst                             smallconst   000000
__Lspace_0                                (abs)        000000
__Lspace_1                                (abs)        000000
__Lspace_2                                (abs)        000000
__Lspace_4                                (abs)        000000
__Lstack                                  stack        000000
__Lstruct                                 struct       000000
__Ltemp                                   temp         000000
__Ltext                                   text         000000
__Ltext0                                  text0        000000
__Ltext1                                  text1        000000
__Ltext10                                 text10       000000
__Ltext11                                 text11       000000
__Ltext12                                 text12       000000
__Ltext13                                 text13       000000
__Ltext14                                 text14       000000
__Ltext15                                 text15       000000
__Ltext16                                 text16       000000
__Ltext17                                 text17       000000
__Ltext18                                 text18       000000
__Ltext19                                 text19       000000
__Ltext2                                  text2        000000
__Ltext20                                 text20       000000
__Ltext21                                 text21       000000
__Ltext22                                 text22       000000
__Ltext23                                 text23       000000
__Ltext24                                 text24       000000
__Ltext25                                 text25       000000
__Ltext26                                 text26       000000
__Ltext27                                 text27       000000
__Ltext28                                 text28       000000
__Ltext29                                 text29       000000
__Ltext3                                  text3        000000
__Ltext30                                 text30       000000
__Ltext31                                 text31       000000
__Ltext32                                 text32       000000
__Ltext33                                 text33       000000
__Ltext34                                 text34       000000
__Ltext35                                 text35       000000
__Ltext36                                 text36       000000
__Ltext37                                 text37       000000
__Ltext38                                 text38       000000
__Ltext39                                 text39       000000
__Ltext4                                  text4        000000
__Ltext40                                 text40       000000
__Ltext41                                 text41       000000
__Ltext42                                 text42       000000
__Ltext43                                 text43       000000
__Ltext44                                 text44       000000
__Ltext45                                 text45       000000
__Ltext46                                 text46       000000
__Ltext47                                 text47       000000
__Ltext48                                 text48       000000
__Ltext49                                 text49       000000
__Ltext5                                  text5        000000
__Ltext50                                 text50       000000
__Ltext51                                 text51       000000
__Ltext52                                 text52       000000
__Ltext53                                 text53       000000
__Ltext54                                 text54       000000
__Ltext55                                 text55       000000
__Ltext56                                 text56       000000
__Ltext57                                 text57       000000
__Ltext58                                 text58       000000
__Ltext59                                 text59       000000
__Ltext6                                  text6        000000
__Ltext60                                 text60       000000
__Ltext61                                 text61       000000
__Ltext62                                 text62       000000
__Ltext63                                 text63       000000
__Ltext64                                 text64       000000
__Ltext65                                 text65       000000
__Ltext66                                 text66       000000
__Ltext67                                 text67       000000
__Ltext7                                  text7        000000
__Ltext8                                  text8        000000
__Ltext9                                  text9        000000
__S0                                      (abs)        010000
__S1                                      (abs)        000F38
__S4                                      (abs)        000000
__S5                                      (abs)        000000
___heap_hi                                (abs)        000000
___heap_lo                                (abs)        000000
___inthi_sp                               stack        000000
___intlo_sp                               stack        000000
___lldiv                                  text32       00936A
___lldiv@counter                          cstackCOMRAM 00000D
___lldiv@dividend                         cstackCOMRAM 000001
___lldiv@divisor                          cstackCOMRAM 000005
___lldiv@quotient                         cstackCOMRAM 000009
___lmul                                   text27       008E9E
___lmul@multiplicand                      cstackCOMRAM 000005
___lmul@multiplier                        cstackCOMRAM 000001
___lmul@product                           cstackCOMRAM 000009
___param_bank                             (abs)        000000
___rparam_used                            (abs)        000001
___sp                                     stack        000000
__accesstop                               (abs)        000060
__activetblptr                            (abs)        000003
__end_of_ExCvt                            mediumconst  00FF3B
__end_of_OSCILLATOR_Initialize            text66       008AD4
__end_of_PIN_MANAGER_Initialize           text65       008C3E
__end_of_SDFAST_open                      text60       008AB2
__end_of_SDSLOW_open                      text61       008AAA
__end_of_SD_SPI_AsyncReadTasks            text54       00C436
__end_of_SD_SPI_AsyncWriteTasks           text50       00DA46
__end_of_SD_SPI_DelayMilliseconds         text28       008E3A
__end_of_SD_SPI_IsMediaInitialized        text39       008B22
__end_of_SD_SPI_IsMediaPresent            text38       008A9E
__end_of_SD_SPI_IsWriteProtected          text37       008AA2
__end_of_SD_SPI_MediaInitialize           text26       00E9CC
__end_of_SD_SPI_SectorRead                text52       009B04
__end_of_SD_SPI_SectorWrite               text49       009C3A
__end_of_SD_SendCmd                       text57       00C8DE
__end_of_SPI1_Close                       text53       008A9A
__end_of_SPI1_ExchangeBlock               text56       00924E
__end_of_SPI1_ExchangeByte                text59       008B3C
__end_of_SPI1_Initialize                  text64       008AF4
__end_of_SPI1_Open                        text62       0094C6
__end_of_SYSTEM_Initialize                text63       008AE2
__end_of___lldiv                          text32       00940E
__end_of___lmul                           text27       008F08
__end_of__initialization                  cinit        008D26
__end_of_check_fs                         text29       00A184
__end_of_chk_chr                          text10       008E9E
__end_of_clst2sect                        text17       009716
__end_of_create_chain                     text18       00D38E
__end_of_create_name                      text7        00BFD8
__end_of_dbc_1st                          text9        008ABC
__end_of_dbc_2nd                          text8        008AC6
__end_of_dir_alloc                        text13       009ED4
__end_of_dir_clear                        text16       00A024
__end_of_dir_find                         text6        00A308
__end_of_dir_next                         text15       00BB84
__end_of_dir_register                     text11       0098D0
__end_of_dir_sdi                          text14       00B36E
__end_of_disk_initialize                  text25       008D80
__end_of_disk_ioctl                       text43       008B96
__end_of_disk_read                        text51       009058
__end_of_disk_status                      text36       009148
__end_of_disk_write                       text48       0090CC
__end_of_f_close                          text33       008DDA
__end_of_f_mount                          text21       0097EE
__end_of_f_open                           text2        00E1FE
__end_of_f_sync                           text34       00A8A2
__end_of_f_write                          text1        00F23C
__end_of_find_volume                      text22       00FEBA
__end_of_follow_path                      text4        00AD4C
__end_of_get_fat                          text20       00B76E
__end_of_get_ldnumber                     text24       009D86
__end_of_ld_clust                         text5        0091C8
__end_of_ld_dword                         text23       00957E
__end_of_ld_word                          text31       008C00
__end_of_main                             text0        00936A
__end_of_mem_cmp                          text30       0092D6
__end_of_mem_cpy                          text12       008FE4
__end_of_mem_set                          text42       008BC8
__end_of_memcpy                           text58       008CDA
__end_of_memset                           text55       00AFE4
__end_of_move_window                      text46       00964A
__end_of_put_fat                          text19       00CDDE
__end_of_remove_chain                     text3        00AAD4
__end_of_sdmmc_cmdtable                   mediumconst  00FF8B
__end_of_spi1_configuration               mediumconst  00FFBF
__end_of_spiMaster                        mediumconst  00FFB3
__end_of_st_clust                         text44       008C8A
__end_of_st_dword                         text41       008F74
__end_of_st_word                          text45       008B64
__end_of_sync_fs                          text40       00A6A4
__end_of_sync_window                      text47       00A4A6
__end_of_validate                         text35       0099CE
__initialization                          cinit        008CDA
__mediumconst                             mediumconst  00FEBA
__pbssBANK0                               bssBANK0     0000F4
__pbssBANK1                               bssBANK1     000159
__pbssBIGRAM                              bssBIGRAM    00068E
__pcinit                                  cinit        008CDA
__pcstackBANK0                            cstackBANK0  000060
__pcstackBANK1                            cstackBANK1  000100
__pcstackCOMRAM                           cstackCOMRAM 000001
__pdataBANK1                              dataBANK1    000143
__pidataBANK1                             idataBANK1   008AF4
__pmediumconst                            mediumconst  00FEBA
__ptext0                                  text0        0092D6
__ptext1                                  text1        00E9CC
__ptext10                                 text10       008E3A
__ptext11                                 text11       0097EE
__ptext12                                 text12       008F74
__ptext13                                 text13       009D86
__ptext14                                 text14       00AFE4
__ptext15                                 text15       00B76E
__ptext16                                 text16       009ED4
__ptext17                                 text17       00964A
__ptext18                                 text18       00CDDE
__ptext19                                 text19       00C8DE
__ptext2                                  text2        00DA46
__ptext20                                 text20       00B36E
__ptext21                                 text21       009716
__ptext22                                 text22       00F23C
__ptext23                                 text23       0094C6
__ptext24                                 text24       009C3A
__ptext25                                 text25       008D2C
__ptext26                                 text26       00E1FE
__ptext27                                 text27       008E9E
__ptext28                                 text28       008DDA
__ptext29                                 text29       00A024
__ptext3                                  text3        00A8A2
__ptext30                                 text30       00924E
__ptext31                                 text31       008BC8
__ptext32                                 text32       00936A
__ptext33                                 text33       008D80
__ptext34                                 text34       00A6A4
__ptext35                                 text35       0098D0
__ptext36                                 text36       0090CC
__ptext37                                 text37       008A9E
__ptext38                                 text38       008A9A
__ptext39                                 text39       008B0A
__ptext4                                  text4        00AAD4
__ptext40                                 text40       00A4A6
__ptext41                                 text41       008F08
__ptext42                                 text42       008B96
__ptext43                                 text43       008B64
__ptext44                                 text44       008C3E
__ptext45                                 text45       008B3C
__ptext46                                 text46       00957E
__ptext47                                 text47       00A308
__ptext48                                 text48       009058
__ptext49                                 text49       009B04
__ptext5                                  text5        009148
__ptext50                                 text50       00D38E
__ptext51                                 text51       008FE4
__ptext52                                 text52       0099CE
__ptext53                                 text53       008A96
__ptext54                                 text54       00BFD8
__ptext55                                 text55       00AD4C
__ptext56                                 text56       0091C8
__ptext57                                 text57       00C436
__ptext58                                 text58       008C8A
__ptext59                                 text59       008B22
__ptext6                                  text6        00A184
__ptext60                                 text60       008AAA
__ptext61                                 text61       008AA2
__ptext62                                 text62       00940E
__ptext63                                 text63       008AD4
__ptext64                                 text64       008AE2
__ptext65                                 text65       008C00
__ptext66                                 text66       008AC6
__ptext67                                 text67       000000
__ptext7                                  text7        00BB84
__ptext8                                  text8        008ABC
__ptext9                                  text9        008AB2
__ramtop                                  ramtop       001000
__smallconst                              smallconst   000000
_check_fs                                 text29       00A024
_chk_chr                                  text10       008E3A
_clst2sect                                text17       00964A
_create_chain                             text18       00CDDE
_create_name                              text7        00BB84
_create_name$2239                         cstackCOMRAM 00000F
_create_name$2244                         cstackCOMRAM 000011
_dbc_1st                                  text9        008AB2
_dbc_2nd                                  text8        008ABC
_dir_alloc                                text13       009D86
_dir_clear                                text16       009ED4
_dir_find                                 text6        00A184
_dir_next                                 text15       00B76E
_dir_register                             text11       0097EE
_dir_sdi                                  text14       00AFE4
_disk_initialize                          text25       008D2C
_disk_ioctl                               text43       008B64
_disk_read                                text51       008FE4
_disk_status                              text36       0090CC
_disk_write                               text48       009058
_drive                                    bssBIGRAM    00068E
_f_close                                  text33       008D80
_f_mount                                  text21       009716
_f_open                                   text2        00DA46
_f_sync                                   text34       00A6A4
_f_write                                  text1        00E9CC
_f_write$2693                             cstackBANK0  0000C9
_file                                     bssBIGRAM    000AF4
_find_volume                              text22       00F23C
_find_volume$2377                         cstackBANK0  00009B
_find_volume$2378                         cstackBANK0  00009F
_follow_path                              text4        00AAD4
_get_fat                                  text20       00B36E
_get_fat$1759                             cstackBANK0  000085
_get_ldnumber                             text24       009C3A
_ioInfo                                   bssBANK1     000159
_ld_clust                                 text5        009148
_ld_dword                                 text23       0094C6
_ld_word                                  text31       008BC8
_main                                     text0        0092D6
_mediaInformation                         dataBANK1    000150
_mem_cmp                                  text30       00924E
_mem_cpy                                  text12       008F74
_mem_set                                  text42       008B96
_memcpy                                   text58       008C8A
_memset                                   text55       00AD4C
_move_window                              text46       00957E
_put_fat                                  text19       00C8DE
_put_fat$1788                             cstackBANK0  00008F
_put_fat$1789                             cstackBANK0  000091
_remove_chain                             text3        00A8A2
_sdmmc_cmdtable                           mediumconst  00FF3B
_spi1_configuration                       mediumconst  00FFB3
_spiMaster                                mediumconst  00FF8B
_st_clust                                 text44       008C3E
_st_dword                                 text41       008F08
_st_word                                  text45       008B3C
_sync_fs                                  text40       00A4A6
_sync_window                              text47       00A308
_validate                                 text35       0098D0
_validate$2409                            cstackCOMRAM 00000D
check_fs@fs                               cstackBANK0  000077
check_fs@sect                             cstackBANK0  000079
chk_chr@chr                               cstackCOMRAM 000003
chk_chr@str                               cstackCOMRAM 000001
clst2sect@clst                            cstackCOMRAM 00000F
clst2sect@fs                              cstackCOMRAM 00000D
create_chain@clst                         cstackBANK0  00009A
create_chain@cs                           cstackBANK0  0000B1
create_chain@fs                           cstackBANK0  0000AF
create_chain@ncl                          cstackBANK0  0000AB
create_chain@obj                          cstackBANK0  000098
create_chain@res                          cstackBANK0  0000A6
create_chain@scl                          cstackBANK0  0000A7
create_name@c                             cstackCOMRAM 00001E
create_name@d                             cstackCOMRAM 000013
create_name@dp                            cstackCOMRAM 000009
create_name@i                             cstackCOMRAM 000018
create_name@ni                            cstackCOMRAM 000014
create_name@p                             cstackCOMRAM 000016
create_name@path                          cstackCOMRAM 00000B
create_name@sfn                           cstackCOMRAM 00001A
create_name@si                            cstackCOMRAM 00001C
dbc_1st@c                                 cstackCOMRAM 000003
dbc_2nd@c                                 cstackCOMRAM 000003
dir_alloc@dp                              cstackBANK0  0000CF
dir_alloc@fs                              cstackBANK0  0000D6
dir_alloc@n                               cstackBANK0  0000D8
dir_alloc@nent                            cstackBANK0  0000D1
dir_alloc@res                             cstackBANK0  0000DA
dir_clear@clst                            cstackBANK0  000072
dir_clear@fs                              cstackBANK0  000070
dir_clear@ibuf                            cstackBANK0  000076
dir_clear@n                               cstackBANK0  00007E
dir_clear@sect                            cstackBANK0  000078
dir_clear@szb                             cstackBANK0  00007C
dir_find@c                                cstackBANK0  0000D5
dir_find@dp                               cstackBANK0  0000CF
dir_find@fs                               cstackBANK0  0000D3
dir_find@res                              cstackBANK0  0000D6
dir_next@clst                             cstackBANK0  0000CB
dir_next@dp                               cstackBANK0  0000B5
dir_next@fs                               cstackBANK0  0000C9
dir_next@ofs                              cstackBANK0  0000C5
dir_next@stretch                          cstackBANK0  0000B7
dir_register@dp                           cstackBANK0  0000DB
dir_register@fs                           cstackBANK0  0000DD
dir_register@res                          cstackBANK0  0000DF
dir_sdi@clst                              cstackBANK0  0000A5
dir_sdi@csz                               cstackBANK0  0000A1
dir_sdi@dp                                cstackBANK0  000091
dir_sdi@fs                                cstackBANK0  0000A9
dir_sdi@ofs                               cstackBANK0  000093
disk_initialize@pdrv                      cstackCOMRAM 000057
disk_initialize@stat                      cstackCOMRAM 000058
disk_ioctl@buff                           cstackCOMRAM 000002
disk_ioctl@cmd                            cstackCOMRAM 000001
disk_ioctl@pdrv                           cstackCOMRAM 000006
disk_read@buff                            cstackCOMRAM 00004A
disk_read@count                           cstackCOMRAM 000050
disk_read@pdrv                            cstackCOMRAM 000054
disk_read@res                             cstackCOMRAM 000055
disk_read@sector                          cstackCOMRAM 00004C
disk_status@pdrv                          cstackCOMRAM 000003
disk_status@stat                          cstackCOMRAM 000004
disk_write@buff                           cstackCOMRAM 00004D
disk_write@count                          cstackCOMRAM 000053
disk_write@pdrv                           cstackCOMRAM 000057
disk_write@res                            cstackCOMRAM 000058
disk_write@sector                         cstackCOMRAM 00004F
end_of_initialization                     cinit        008D26
f_close@fp                                cstackBANK0  00007F
f_close@fs                                cstackBANK0  000081
f_close@res                               cstackBANK0  000083
f_mount@cfs                               cstackBANK0  0000CD
f_mount@fs                                cstackBANK0  0000C5
f_mount@opt                               cstackBANK0  0000C9
f_mount@path                              cstackBANK0  0000C7
f_mount@res                               cstackBANK0  0000CA
f_mount@rp                                cstackBANK0  0000CB
f_mount@vol                               cstackBANK0  0000CF
f_open@bcs                                cstackBANK1  000108
f_open@cl                                 cstackBANK1  00010C
f_open@clst                               cstackBANK1  000114
f_open@dj                                 cstackBANK1  00011B
f_open@dw                                 cstackBANK1  000100
f_open@fp                                 cstackBANK0  0000E5
f_open@fs                                 cstackBANK1  000118
f_open@mode                               cstackBANK0  0000E9
f_open@ofs                                cstackBANK1  000110
f_open@path                               cstackBANK0  0000E7
f_open@res                                cstackBANK1  00011A
f_open@sc                                 cstackBANK1  000104
f_sync@dir                                cstackBANK0  00007B
f_sync@fp                                 cstackBANK0  000078
f_sync@fs                                 cstackBANK0  00007D
f_sync@res                                cstackBANK0  00007A
f_write@btw                               cstackBANK0  0000B9
f_write@buff                              cstackBANK0  0000B7
f_write@bw                                cstackBANK0  0000BB
f_write@cc                                cstackBANK0  0000D2
f_write@clst                              cstackBANK0  0000D4
f_write@csect                             cstackBANK0  0000D0
f_write@fp                                cstackBANK0  0000B5
f_write@fs                                cstackBANK0  0000DE
f_write@res                               cstackBANK0  0000CD
f_write@sect                              cstackBANK0  0000DA
f_write@wbuff                             cstackBANK0  0000CE
f_write@wcnt                              cstackBANK0  0000D8
find_volume@br                            cstackBANK0  00008B
find_volume@bsect                         cstackBANK0  0000BC
find_volume@fasize                        cstackBANK0  0000B8
find_volume@fmt                           cstackBANK0  0000C2
find_volume@fs                            cstackBANK0  0000C3
find_volume@i                             cstackBANK0  0000C0
find_volume@mode                          cstackBANK0  000082
find_volume@nclst                         cstackBANK0  0000B4
find_volume@nrsv                          cstackBANK0  0000AD
find_volume@path                          cstackBANK0  00007E
find_volume@pt                            cstackBANK0  0000A5
find_volume@rfs                           cstackBANK0  000080
find_volume@stat                          cstackBANK0  0000B3
find_volume@sysect                        cstackBANK0  0000A7
find_volume@szbfat                        cstackBANK0  0000A1
find_volume@tsect                         cstackBANK0  0000AF
find_volume@vol                           cstackBANK0  0000AB
follow_path@dp                            cstackBANK0  0000D7
follow_path@fs                            cstackBANK0  0000E1
follow_path@ns                            cstackBANK0  0000E3
follow_path@path                          cstackBANK0  0000D9
follow_path@res                           cstackBANK0  0000E4
get_fat@bc                                cstackBANK0  00008D
get_fat@clst                              cstackBANK0  000079
get_fat@fs                                cstackBANK0  00008F
get_fat@obj                               cstackBANK0  000077
get_fat@val                               cstackBANK0  000087
get_fat@wc                                cstackBANK0  00008B
get_ldnumber@i                            cstackCOMRAM 000005
get_ldnumber@path                         cstackCOMRAM 000001
get_ldnumber@tc                           cstackCOMRAM 000009
get_ldnumber@tp                           cstackCOMRAM 00000C
get_ldnumber@tt                           cstackCOMRAM 000007
get_ldnumber@vol                          cstackCOMRAM 00000A
intlevel0                                 text         000000
intlevel1                                 text         000000
intlevel2                                 text         000000
intlevel3                                 text         000000
isa$std                                   (abs)        000001
isa$xinst                                 (abs)        000000
ld_clust@cl                               cstackCOMRAM 000010
ld_clust@dir                              cstackCOMRAM 00000A
ld_clust@fs                               cstackCOMRAM 000008
ld_dword@ptr                              cstackCOMRAM 000001
ld_dword@rv                               cstackCOMRAM 00000A
ld_word@ptr                               cstackCOMRAM 000001
ld_word@rv                                cstackCOMRAM 000006
main@bw                                   cstackBANK0  0000F2
mem_cmp@cnt                               cstackCOMRAM 000005
mem_cmp@d                                 cstackCOMRAM 000009
mem_cmp@dst                               cstackCOMRAM 000001
mem_cmp@r                                 cstackCOMRAM 00000D
mem_cmp@s                                 cstackCOMRAM 00000B
mem_cmp@src                               cstackCOMRAM 000003
mem_cpy@cnt                               cstackCOMRAM 000005
mem_cpy@d                                 cstackCOMRAM 000007
mem_cpy@dst                               cstackCOMRAM 000001
mem_cpy@s                                 cstackCOMRAM 000009
mem_cpy@src                               cstackCOMRAM 000003
mem_set@cnt                               cstackCOMRAM 000005
mem_set@d                                 cstackCOMRAM 000007
mem_set@dst                               cstackCOMRAM 000001
mem_set@val                               cstackCOMRAM 000003
memcpy@d                                  cstackCOMRAM 000007
memcpy@d1                                 cstackCOMRAM 000001
memcpy@n                                  cstackCOMRAM 000005
memcpy@s                                  cstackCOMRAM 000009
memcpy@s1                                 cstackCOMRAM 000003
memcpy@tmp                                cstackCOMRAM 00000B
memset@c                                  cstackCOMRAM 000003
memset@dest                               cstackCOMRAM 000001
memset@k                                  cstackCOMRAM 00000B
memset@n                                  cstackCOMRAM 000005
memset@s                                  cstackCOMRAM 00000D
move_window@fs                            cstackBANK0  000070
move_window@res                           cstackBANK0  000076
move_window@sector                        cstackBANK0  000072
put_fat@bc                                cstackBANK0  000095
put_fat@clst                              cstackBANK0  000079
put_fat@fs                                cstackBANK0  000077
put_fat@p                                 cstackBANK0  000093
put_fat@res                               cstackBANK0  000097
put_fat@val                               cstackBANK0  00007D
remove_chain@clst                         cstackBANK0  00009A
remove_chain@fs                           cstackBANK0  0000AF
remove_chain@nxt                          cstackBANK0  0000AA
remove_chain@obj                          cstackBANK0  000098
remove_chain@pclst                        cstackBANK0  00009E
remove_chain@res                          cstackBANK0  0000AE
st_clust@cl                               cstackCOMRAM 000009
st_clust@dir                              cstackCOMRAM 000007
st_clust@fs                               cstackCOMRAM 000005
st_dword@ptr                              cstackCOMRAM 000001
st_dword@val                              cstackCOMRAM 000003
st_word@ptr                               cstackCOMRAM 000001
st_word@val                               cstackCOMRAM 000003
stackhi                                   (abs)        000000
stacklo                                   (abs)        000000
start                                     init         000000
start_initialization                      cinit        008CDA
sync_fs@fs                                cstackCOMRAM 00005C
sync_fs@res                               cstackCOMRAM 00005E
sync_window@fs                            cstackCOMRAM 000059
sync_window@res                           cstackCOMRAM 00005B
validate@obj                              cstackCOMRAM 000005
validate@res                              cstackCOMRAM 00000F
validate@rfs                              cstackCOMRAM 000007


MODULE INFORMATION

Module		Function		Class		Link	Load	Size
C:\Program Files\Microchip\xc8\v2.40\pic\sources\c99\common\memcpy.c
		_memcpy        		CODE           	8C8A	0000	80

C:\Program Files\Microchip\xc8\v2.40\pic\sources\c99\common\memcpy.c estimated size: 80

mcc_generated_files/fatfs/ff.c
		_clst2sect     		CODE           	964A	0000	204
		_mem_cpy       		CODE           	8F74	0000	112
		_find_volume   		CODE           	F23C	0000	3198
		_dir_clear     		CODE           	9ED4	0000	336
		_ld_dword      		CODE           	94C6	0000	184
		_remove_chain  		CODE           	A8A2	0000	562
		_f_mount       		CODE           	9716	0000	216
		_get_fat       		CODE           	B36E	0000	1024
		_st_word       		CODE           	8B3C	0000	40
		_get_ldnumber  		CODE           	9C3A	0000	332
		_st_clust      		CODE           	8C3E	0000	76
		_create_name   		CODE           	BB84	0000	1108
		_chk_chr       		CODE           	8E3A	0000	100
		_create_chain  		CODE           	CDDE	0000	1456
		_dbc_1st       		CODE           	8AB2	0000	10
		_validate      		CODE           	98D0	0000	254
		_check_fs      		CODE           	A024	0000	352
		_f_sync        		CODE           	A6A4	0000	510
		_st_dword      		CODE           	8F08	0000	108
		_f_write       		CODE           	E9CC	0000	2160
		_mem_set       		CODE           	8B96	0000	50
		_dir_alloc     		CODE           	9D86	0000	334
		_put_fat       		CODE           	C8DE	0000	1280
		_sync_fs       		CODE           	A4A6	0000	510
		_dir_next      		CODE           	B76E	0000	1046
		_sync_window   		CODE           	A308	0000	414
		_dir_register  		CODE           	97EE	0000	226
		_ld_word       		CODE           	8BC8	0000	56
		_dir_find      		CODE           	A184	0000	388
		_f_open        		CODE           	DA46	0000	1976
		_mem_cmp       		CODE           	924E	0000	136
		_f_close       		CODE           	8D80	0000	90
		_dir_sdi       		CODE           	AFE4	0000	906
		_follow_path   		CODE           	AAD4	0000	632
		_dbc_2nd       		CODE           	8ABC	0000	10
		_ld_clust      		CODE           	9148	0000	128
		_move_window   		CODE           	957E	0000	204

mcc_generated_files/fatfs/ff.c estimated size: 20728

C:\Program Files\Microchip\xc8\v2.40\pic\sources\c99\common\__lldiv.c
		___lldiv       		CODE           	936A	0000	164

C:\Program Files\Microchip\xc8\v2.40\pic\sources\c99\common\__lldiv.c estimated size: 164

mcc_generated_files/pin_manager.c
		_PIN_MANAGER_Initialize		CODE           	8C00	0000	62

mcc_generated_files/pin_manager.c estimated size: 62

mcc_generated_files/spi1.c
		_SPI1_ExchangeBlock		CODE           	91C8	0000	134
		_SPI1_Open     		CODE           	940E	0000	184
		_SPI1_Initialize		CODE           	8AE2	0000	18
		_SPI1_Close    		CODE           	8A96	0000	4
		_SPI1_ExchangeByte		CODE           	8B22	0000	26

mcc_generated_files/spi1.c estimated size: 366

C:\Program Files\Microchip\xc8\v2.40\pic\sources\c99\common\Umul32.c
		___lmul        		CODE           	8E9E	0000	106

C:\Program Files\Microchip\xc8\v2.40\pic\sources\c99\common\Umul32.c estimated size: 106

mcc_generated_files/fatfs/diskio.c
		_disk_initialize		CODE           	8D2C	0000	84
		_disk_write    		CODE           	9058	0000	116
		_disk_status   		CODE           	90CC	0000	124
		_disk_ioctl    		CODE           	8B64	0000	50
		_disk_read     		CODE           	8FE4	0000	116

mcc_generated_files/fatfs/diskio.c estimated size: 490

mcc_generated_files/drivers/spi_master.c
		_SDSLOW_open   		CODE           	8AA2	0000	8
		_SDFAST_open   		CODE           	8AAA	0000	8

mcc_generated_files/drivers/spi_master.c estimated size: 16

shared
		_ExCvt         		MEDIUMCONST    	FEBB	0000	128
		__initialization		CODE           	8CDA	0000	76
		_sdmmc_cmdtable		MEDIUMCONST    	FF3B	0000	80
		_spiMaster     		MEDIUMCONST    	FF8B	0000	40
		_spi1_configuration		MEDIUMCONST    	FFB3	0000	12

shared estimated size: 336

mcc_generated_files/mcc.c
		_OSCILLATOR_Initialize		CODE           	8AC6	0000	14
		_SYSTEM_Initialize		CODE           	8AD4	0000	14

mcc_generated_files/mcc.c estimated size: 28

C:\Program Files\Microchip\xc8\v2.40\pic\sources\c99\common\memset.c
		_memset        		CODE           	AD4C	0000	664

C:\Program Files\Microchip\xc8\v2.40\pic\sources\c99\common\memset.c estimated size: 664

main.c
		_main          		CODE           	92D6	0000	148

main.c estimated size: 148

mcc_generated_files/sd_spi/sd_spi.c
		_SD_SPI_IsWriteProtected		CODE           	8A9E	0000	4
		_SD_SPI_IsMediaInitialized		CODE           	8B0A	0000	24
		_SD_SPI_DelayMilliseconds		CODE           	8DDA	0000	96
		_SD_SPI_IsMediaPresent		CODE           	8A9A	0000	4
		_SD_SPI_SectorWrite		CODE           	9B04	0000	310
		_SD_SPI_MediaInitialize		CODE           	E1FE	0000	1998
		_SD_SendCmd    		CODE           	C436	0000	1192
		_SD_SPI_AsyncReadTasks		CODE           	BFD8	0000	1118
		_SD_SPI_AsyncWriteTasks		CODE           	D38E	0000	1720
		_SD_SPI_SectorRead		CODE           	99CE	0000	310

mcc_generated_files/sd_spi/sd_spi.c estimated size: 6776

