Microchip MPLAB XC8 Compiler V2.40

Linker command line:

-W-3 \
  --edf=C:\Program Files\Microchip\xc8\v2.40\pic\dat\20220703182018_en.msgs \
  -cn -h+dist/default/production\SD_MCC.X.production.sym \
  --cmf=dist/default/production\SD_MCC.X.production.cmf -z -Q18F46K22 \
  -oC:\Users\willi\AppData\Local\Temp\xcAslr0.4 --defsym=__MPLAB_BUILD=1 \
  --fixupoverflow=error -Mdist/default/production/SD_MCC.X.production.map \
  --md=C:\Users\willi\AppData\Local\Temp\xcAslr0.dat -E1 -ver=XC8 Compiler \
  --acfsm=1493 -AHEAP=01E0h-068Dh -pheap=HEAP -ACODE=00h-0FFFFh \
  -ACONST=00h-0FFFFh -ASMALLCONST=01000h-010FFhx240 \
  -AMEDIUMCONST=01000h-0FFFFh -ACOMRAM=01h-05Fh -AABS1=00h-0F37h \
  -ABIGRAM=01h-0F37h -ARAM=060h-0FFh,0100h-01FFhx14,0F00h-0F37h \
  -ABANK0=060h-0FFh -ABANK1=0100h-01FFh -ABANK2=0200h-02FFh \
  -ABANK3=0300h-03FFh -ABANK4=0400h-04FFh -ABANK5=0500h-05FFh \
  -ABANK6=0600h-06FFh -ABANK7=0700h-07FFh -ABANK8=0800h-08FFh \
  -ABANK9=0900h-09FFh -ABANK10=0A00h-0AFFh -ABANK11=0B00h-0BFFh \
  -ABANK12=0C00h-0CFFh -ABANK13=0D00h-0DFFh -ABANK14=0E00h-0EFFh \
  -ABANK15=0F00h-0F37h -ASFR=0F38h-0F5Fh,0F60h-0FFFh -ABIGSFR=0F38h-0FFFh \
  -ACONFIG=0300000h-030000Dh -AIDLOC=0200000h-0200007h \
  -AEEDATA=0F00000h-0F003FFh -peeprom_data=EEDATA \
  -preset_vec=00h,intcode,intcodelo,powerup,init -pramtop=01000h \
  -psmallconst=SMALLCONST -pmediumconst=MEDIUMCONST -pconst=CONST \
  -AFARRAM=00h-00h \
  -prdata=COMRAM,nvrram=COMRAM,nvbit=COMRAM,rbss=COMRAM,rbit=COMRAM \
  -pfarbss=FARRAM,fardata=FARRAM,nvFARRAM=FARRAM \
  -pintsave_regs=BIGRAM,bigbss=BIGRAM,bigdata=BIGRAM -pbss=RAM \
  -pidata=CODE,irdata=CODE,ibigdata=CODE,ifardata=CODE -prparam=COMRAM \
  C:\Users\willi\AppData\Local\Temp\xcAslr0.o \
  dist/default/production\SD_MCC.X.production.o 

Object code version is 3.11

Machine type is 18F46K22



                Name                               Link     Load   Length Selector   Space Scale
C:\Users\willi\AppData\Local\Temp\xcAslr0.o
                heap                                1E0      1E0      4AE      1E0       7
                idloc                            200000   200000        8        0       5
                config                           300000   300000        E        0       4
                init                                  0        0        4        0       0
dist/default/production\SD_MCC.X.production.o
                idloc                            200000   200000        8        0       5
                config                           300000   300000        E        0       4
                mediumconst                        FE86     FE86      17A     7F43       0
                text78                             7C44     7C44        E     3E22       0
                text77                             7DDA     7DDA       3E     3EED       0
                text76                             7C60     7C60       12     3E30       0
                text75                             7C52     7C52        E     3E29       0
                text74                             7C72     7C72       12     3E39       0
                text73                             7C84     7C84       12     3E42       0
                text72                             8422     8422       86     4211       0
                text71                             7CF0     7CF0       26     3E78       0
                text70                             7C96     7C96       12     3E4B       0
                text69                             7EAA     7EAA       50     3F55       0
                text68                             8CF2     8CF2      112     4679       0
                text67                             8732     8732       B8     4399       0
                text66                             7C20     7C20        8     3E10       0
                text65                             7C28     7C28        8     3E14       0
                text64                             7CD6     7CD6       1A     3E6B       0
                text63                             7EFA     7EFA       50     3F7D       0
                text62                             BC14     BC14      4A8     5E0A       0
                text61                             7F4A     7F4A       54     3FA5       0
                text60                             981C     981C      176     4C0E       0
                text59                             B374     B374      44C     59BA       0
                text58                             7C14     7C14        4     3E0A       0
                text57                             8F1E     8F1E      136     478F       0
                text56                             823E     823E       74     411F       0
                text55                             CB6C     CB6C      6A4     65B6       0
                text54                             9054     9054      136     482A       0
                text53                             82B2     82B2       74     4159       0
                text52                             9B16     9B16      19E     4D8B       0
                text51                             88A2     88A2       CC     4451       0
                text50                             7D16     7D16       28     3E8B       0
                text49                             7E5E     7E5E       4C     3F2F       0
                text48                             7D3E     7D3E       32     3E9F       0
                text47                             7D70     7D70       32     3EB8       0
                text46                             81D2     81D2       6C     40E9       0
                text45                             9CB4     9CB4      1FE     4E5A       0
                text44                             7CBE     7CBE       18     3E5F       0
                text43                             7C18     7C18        4     3E0C       0
                text42                             7C1C     7C1C        4     3E0E       0
                text41                             8326     8326       7C     4193       0
                text40                             8BF4     8BF4       FE     45FA       0
                text39                             9EB2     9EB2      1FE     4F59       0
                text38                             804A     804A       5A     4025       0
                text37                             8530     8530       A4     4298       0
                text36                             8168     8168       6A     40B4       0
                text35                             896E     896E       CC     44B7       0
                text34                             87EA     87EA       B8     43F5       0
                text33                             7DA2     7DA2       38     3ED1       0
                text32                             AB5E     AB5E      400     55AF       0
                text31                             C0BC     C0BC      500     605E       0
                text30                             C5BC     C5BC      5B0     62DE       0
                text29                             E196     E196      7F6     70CB       0
                text28                             84A8     84A8       88     4254       0
                text27                             96BC     96BC      160     4B5E       0
                text26                             80A4     80A4       60     4052       0
                text25                             D9C8     D9C8      7CE     6CE4       0
                text24                             7F9E     7F9E       54     3FCF       0
                text23                             92D2     92D2      14C     4969       0
                text22                             F206     F206      C80     7903       0
                text21                             8A3A     8A3A       D8     451D       0
                text20                             956C     956C      150     4AB6       0
                text19                             AF5E     AF5E      416     57AF       0
                text18                             A7D4     A7D4      38A     53EA       0
                text17                             941E     941E      14E     4A0F       0
                text16                             7FF2     7FF2       58     3FF9       0
                text15                             8B12     8B12       E2     4589       0
                text14                             8104     8104       64     4082       0
                text13                             7C30     7C30        A     3E18       0
                text12                             7C3A     7C3A        A     3E1D       0
                text11                             B7C0     B7C0      454     5BE0       0
                text10                             9992     9992      184     4CC9       0
                text9                              83A2     83A2       80     41D1       0
                text8                              A2E2     A2E2      278     5171       0
                text7                              A0B0     A0B0      232     5058       0
                text6                              D210     D210      7B8     6908       0
                text5                              E98C     E98C      87A     74C6       0
                text4                              8682     8682       B0     4341       0
                text3                              A55A     A55A      27A     52AD       0
                text2                              918A     918A      148     48C5       0
                text1                              8E04     8E04      11A     4702       0
                text0                              85D4     85D4       AE     42EA       0
                cstackCOMRAM                          1        1       5F        1       1
                cstackBANK0                          60       60       A0       60       1
                cstackBANK1                         17F      17F       4B      100       1
                bssBIGRAM                           68E      68E      8AA      68E       1
                dataBANK1                           1CA      1CA       16      100       1
                bssBANK1                            100      100       7F      100       1
                cinit                              7E18     7E18       46     3F0C       0
                idataBANK1                         7CA8     7CA8       16     7CA8       0

TOTAL           Name                               Link     Load   Length     Space
        CLASS   HEAP           
                heap                                1E0      1E0      4AE         7

        CLASS   CODE           
                init                                  0        0        4         0
                text78                             7C44     7C44        E         0
                text77                             7DDA     7DDA       3E         0
                text76                             7C60     7C60       12         0
                text75                             7C52     7C52        E         0
                text74                             7C72     7C72       12         0
                text73                             7C84     7C84       12         0
                text72                             8422     8422       86         0
                text71                             7CF0     7CF0       26         0
                text70                             7C96     7C96       12         0
                text69                             7EAA     7EAA       50         0
                text68                             8CF2     8CF2      112         0
                text67                             8732     8732       B8         0
                text66                             7C20     7C20        8         0
                text65                             7C28     7C28        8         0
                text64                             7CD6     7CD6       1A         0
                text63                             7EFA     7EFA       50         0
                text62                             BC14     BC14      4A8         0
                text61                             7F4A     7F4A       54         0
                text60                             981C     981C      176         0
                text59                             B374     B374      44C         0
                text58                             7C14     7C14        4         0
                text57                             8F1E     8F1E      136         0
                text56                             823E     823E       74         0
                text55                             CB6C     CB6C      6A4         0
                text54                             9054     9054      136         0
                text53                             82B2     82B2       74         0
                text52                             9B16     9B16      19E         0
                text51                             88A2     88A2       CC         0
                text50                             7D16     7D16       28         0
                text49                             7E5E     7E5E       4C         0
                text48                             7D3E     7D3E       32         0
                text47                             7D70     7D70       32         0
                text46                             81D2     81D2       6C         0
                text45                             9CB4     9CB4      1FE         0
                text44                             7CBE     7CBE       18         0
                text43                             7C18     7C18        4         0
                text42                             7C1C     7C1C        4         0
                text41                             8326     8326       7C         0
                text40                             8BF4     8BF4       FE         0
                text39                             9EB2     9EB2      1FE         0
                text38                             804A     804A       5A         0
                text37                             8530     8530       A4         0
                text36                             8168     8168       6A         0
                text35                             896E     896E       CC         0
                text34                             87EA     87EA       B8         0
                text33                             7DA2     7DA2       38         0
                text32                             AB5E     AB5E      400         0
                text31                             C0BC     C0BC      500         0
                text30                             C5BC     C5BC      5B0         0
                text29                             E196     E196      7F6         0
                text28                             84A8     84A8       88         0
                text27                             96BC     96BC      160         0
                text26                             80A4     80A4       60         0
                text25                             D9C8     D9C8      7CE         0
                text24                             7F9E     7F9E       54         0
                text23                             92D2     92D2      14C         0
                text22                             F206     F206      C80         0
                text21                             8A3A     8A3A       D8         0
                text20                             956C     956C      150         0
                text19                             AF5E     AF5E      416         0
                text18                             A7D4     A7D4      38A         0
                text17                             941E     941E      14E         0
                text16                             7FF2     7FF2       58         0
                text15                             8B12     8B12       E2         0
                text14                             8104     8104       64         0
                text13                             7C30     7C30        A         0
                text12                             7C3A     7C3A        A         0
                text11                             B7C0     B7C0      454         0
                text10                             9992     9992      184         0
                text9                              83A2     83A2       80         0
                text8                              A2E2     A2E2      278         0
                text7                              A0B0     A0B0      232         0
                text6                              D210     D210      7B8         0
                text5                              E98C     E98C      87A         0
                text4                              8682     8682       B0         0
                text3                              A55A     A55A      27A         0
                text2                              918A     918A      148         0
                text1                              8E04     8E04      11A         0
                text0                              85D4     85D4       AE         0
                cinit                              7E18     7E18       46         0
                idataBANK1                         7CA8     7CA8       16         0

        CLASS   CONST          

        CLASS   SMALLCONST     

        CLASS   MEDIUMCONST    
                mediumconst                        FE86     FE86      17A         0

        CLASS   COMRAM         
                cstackCOMRAM                          1        1       5F         1

        CLASS   ABS1           

        CLASS   BIGRAM         
                bssBIGRAM                           68E      68E      8AA         1

        CLASS   RAM            

        CLASS   BANK0          
                cstackBANK0                          60       60       A0         1

        CLASS   BANK1          
                cstackBANK1                         17F      17F       4B         1
                dataBANK1                           1CA      1CA       16         1
                bssBANK1                            100      100       7F         1

        CLASS   BANK2          

        CLASS   BANK3          

        CLASS   BANK4          

        CLASS   BANK5          

        CLASS   BANK6          

        CLASS   BANK7          

        CLASS   BANK8          

        CLASS   BANK9          

        CLASS   BANK10         

        CLASS   BANK11         

        CLASS   BANK12         

        CLASS   BANK13         

        CLASS   BANK14         

        CLASS   BANK15         

        CLASS   SFR            

        CLASS   BIGSFR         

        CLASS   CONFIG         
                config                           300000   300000        E         4

        CLASS   IDLOC          
                idloc                            200000   200000        8         5

        CLASS   EEDATA         

        CLASS   FARRAM         

        CLASS   STACK          



SEGMENTS        Name                           Load    Length   Top    Selector   Space  Class

                reset_vec                      000000  000004  000004         0       0  CODE    
                cstackCOMRAM                   000001  00005F  000060         1       1  COMRAM  
                cstackBANK0                    000060  0000A0  000100        60       1  BANK0   
                bssBANK1                       000100  0000E0  0001E0       100       1  BANK1   
                heap                           0001E0  0004AE  00068E       1E0       7  HEAP    
                bssBIGRAM                      00068E  0008AA  000F38       68E       1  BIGRAM  
                text58                         007C14  000004  007C18      3E0A       0  CODE    
                text43                         007C18  000004  007C1C      3E0C       0  CODE    
                text42                         007C1C  000004  007C20      3E0E       0  CODE    
                text66                         007C20  000008  007C28      3E10       0  CODE    
                text65                         007C28  000008  007C30      3E14       0  CODE    
                text13                         007C30  00000A  007C3A      3E18       0  CODE    
                text12                         007C3A  00000A  007C44      3E1D       0  CODE    
                text78                         007C44  00000E  007C52      3E22       0  CODE    
                text75                         007C52  00000E  007C60      3E29       0  CODE    
                text76                         007C60  000012  007C72      3E30       0  CODE    
                text74                         007C72  000012  007C84      3E39       0  CODE    
                text73                         007C84  000012  007C96      3E42       0  CODE    
                text70                         007C96  000012  007CA8      3E4B       0  CODE    
                idataBANK1                     007CA8  000016  007CBE      7CA8       0  CODE    
                text44                         007CBE  000018  007CD6      3E5F       0  CODE    
                text64                         007CD6  00001A  007CF0      3E6B       0  CODE    
                text71                         007CF0  000026  007D16      3E78       0  CODE    
                text50                         007D16  000028  007D3E      3E8B       0  CODE    
                text48                         007D3E  000032  007D70      3E9F       0  CODE    
                text47                         007D70  000032  007DA2      3EB8       0  CODE    
                text33                         007DA2  000038  007DDA      3ED1       0  CODE    
                text77                         007DDA  00003E  007E18      3EED       0  CODE    
                cinit                          007E18  000046  007E5E      3F0C       0  CODE    
                text49                         007E5E  00004C  007EAA      3F2F       0  CODE    
                text69                         007EAA  000050  007EFA      3F55       0  CODE    
                text63                         007EFA  000050  007F4A      3F7D       0  CODE    
                text61                         007F4A  000054  007F9E      3FA5       0  CODE    
                text24                         007F9E  000054  007FF2      3FCF       0  CODE    
                text16                         007FF2  000058  00804A      3FF9       0  CODE    
                text38                         00804A  00005A  0080A4      4025       0  CODE    
                text26                         0080A4  000060  008104      4052       0  CODE    
                text14                         008104  000064  008168      4082       0  CODE    
                text36                         008168  00006A  0081D2      40B4       0  CODE    
                text46                         0081D2  00006C  00823E      40E9       0  CODE    
                text56                         00823E  000074  0082B2      411F       0  CODE    
                text53                         0082B2  000074  008326      4159       0  CODE    
                text41                         008326  00007C  0083A2      4193       0  CODE    
                text9                          0083A2  000080  008422      41D1       0  CODE    
                text72                         008422  000086  0084A8      4211       0  CODE    
                text28                         0084A8  000088  008530      4254       0  CODE    
                text37                         008530  0000A4  0085D4      4298       0  CODE    
                text0                          0085D4  0000AE  008682      42EA       0  CODE    
                text4                          008682  0000B0  008732      4341       0  CODE    
                text67                         008732  0000B8  0087EA      4399       0  CODE    
                text34                         0087EA  0000B8  0088A2      43F5       0  CODE    
                text51                         0088A2  0000CC  00896E      4451       0  CODE    
                text35                         00896E  0000CC  008A3A      44B7       0  CODE    
                text21                         008A3A  0000D8  008B12      451D       0  CODE    
                text15                         008B12  0000E2  008BF4      4589       0  CODE    
                text40                         008BF4  0000FE  008CF2      45FA       0  CODE    
                text68                         008CF2  000112  008E04      4679       0  CODE    
                text1                          008E04  00011A  008F1E      4702       0  CODE    
                text57                         008F1E  000136  009054      478F       0  CODE    
                text54                         009054  000136  00918A      482A       0  CODE    
                text2                          00918A  000148  0092D2      48C5       0  CODE    
                text23                         0092D2  00014C  00941E      4969       0  CODE    
                text17                         00941E  00014E  00956C      4A0F       0  CODE    
                text20                         00956C  000150  0096BC      4AB6       0  CODE    
                text27                         0096BC  000160  00981C      4B5E       0  CODE    
                text60                         00981C  000176  009992      4C0E       0  CODE    
                text10                         009992  000184  009B16      4CC9       0  CODE    
                text52                         009B16  00019E  009CB4      4D8B       0  CODE    
                text45                         009CB4  0001FE  009EB2      4E5A       0  CODE    
                text39                         009EB2  0001FE  00A0B0      4F59       0  CODE    
                text7                          00A0B0  000232  00A2E2      5058       0  CODE    
                text8                          00A2E2  000278  00A55A      5171       0  CODE    
                text3                          00A55A  00027A  00A7D4      52AD       0  CODE    
                text18                         00A7D4  00038A  00AB5E      53EA       0  CODE    
                text32                         00AB5E  000400  00AF5E      55AF       0  CODE    
                text19                         00AF5E  000416  00B374      57AF       0  CODE    
                text59                         00B374  00044C  00B7C0      59BA       0  CODE    
                text11                         00B7C0  000454  00BC14      5BE0       0  CODE    
                text62                         00BC14  0004A8  00C0BC      5E0A       0  CODE    
                text31                         00C0BC  000500  00C5BC      605E       0  CODE    
                text30                         00C5BC  0005B0  00CB6C      62DE       0  CODE    
                text55                         00CB6C  0006A4  00D210      65B6       0  CODE    
                text6                          00D210  0007B8  00D9C8      6908       0  CODE    
                text25                         00D9C8  0007CE  00E196      6CE4       0  CODE    
                text29                         00E196  0007F6  00E98C      70CB       0  CODE    
                text5                          00E98C  00087A  00F206      74C6       0  CODE    
                text22                         00F206  000C80  00FE86      7903       0  CODE    
                mediumconst                    00FE86  00017A  010000      7F43       0  MEDIUMCO


UNUSED ADDRESS RANGES

        Name                Unused          Largest block    Delta
        BANK1            0001E0-0001FF               20
        BANK2            000200-0002FF              100
        BANK3            000300-0003FF              100
        BANK4            000400-0004FF              100
        BANK5            000500-0005FF              100
        BANK6            000600-00068D               8E
        BIGRAM           0001E0-00068D              4AE
        BIGSFR           000F38-000FFF               C8
        CODE             000004-007C13             7C10
        CONST            000004-007C13             7C10
        EEDATA           F00000-F003FF              400
        MEDIUMCONST      001000-007C13             6C14
        RAM              0001E0-00068D              100
        SFR              000F38-000FFF               28
        SMALLCONST       001000-007C13              100

                                  Symbol Table

?_SD_SendCmd                              cstackCOMRAM 00000C
?___expand_heap                           cstackCOMRAM 000001
?___lldiv                                 cstackCOMRAM 000001
?___lmul                                  cstackCOMRAM 000001
?___simple_search_fl                      cstackCOMRAM 000001
?_chk_chr                                 cstackCOMRAM 000001
?_clst2sect                               cstackCOMRAM 00000D
?_create_chain                            cstackBANK0  000098
?_dbc_1st                                 cstackCOMRAM 000001
?_dbc_2nd                                 cstackCOMRAM 000001
?_get_alt_data                            cstackCOMRAM 000001
?_get_fat                                 cstackBANK0  000077
?_get_hum_data                            cstackCOMRAM 000001
?_get_ldnumber                            cstackCOMRAM 000001
?_get_temp_data                           cstackCOMRAM 00000C
?_get_vel_data                            cstackCOMRAM 000001
?_ld_clust                                cstackCOMRAM 000008
?_ld_dword                                cstackCOMRAM 000001
?_ld_word                                 cstackCOMRAM 000001
?_malloc                                  cstackCOMRAM 000015
?_mem_cmp                                 cstackCOMRAM 000001
?_strlen                                  cstackCOMRAM 000001
FatFsDemo_Tasks@F259                      dataBANK1    0001CA
SD_SPI_AsyncReadTasks@SingleBlockRead     bssBANK1     00012D
SD_SPI_AsyncReadTasks@bData               cstackCOMRAM 00002E
SD_SPI_AsyncReadTasks@blockCounter        bssBANK1     000125
SD_SPI_AsyncReadTasks@info                cstackCOMRAM 000023
SD_SPI_AsyncReadTasks@longTimeoutCounter  bssBANK1     000115
SD_SPI_AsyncReadTasks@response            cstackCOMRAM 000029
SD_SPI_AsyncWriteTasks@WriteTimeout       bssBANK1     000111
SD_SPI_AsyncWriteTasks@blockCounter       bssBANK1     000123
SD_SPI_AsyncWriteTasks@command            bssBANK1     00012B
SD_SPI_AsyncWriteTasks@data_byte          bssBANK1     00012C
SD_SPI_AsyncWriteTasks@info               cstackCOMRAM 000023
SD_SPI_AsyncWriteTasks@preEraseBlockCount cstackCOMRAM 00002E
SD_SPI_AsyncWriteTasks@response           cstackCOMRAM 000029
SD_SPI_DelayMilliseconds@milliseconds     cstackCOMRAM 000006
SD_SPI_DelayMilliseconds@timeout          cstackCOMRAM 000004
SD_SPI_MediaInitialize@CSDResponse        cstackCOMRAM 00002E
SD_SPI_MediaInitialize@block_len          cstackCOMRAM 000048
SD_SPI_MediaInitialize@c_size             cstackCOMRAM 00004A
SD_SPI_MediaInitialize@c_size_mult        cstackCOMRAM 000046
SD_SPI_MediaInitialize@count              cstackCOMRAM 000049
SD_SPI_MediaInitialize@index              cstackCOMRAM 000047
SD_SPI_MediaInitialize@response           cstackCOMRAM 00004E
SD_SPI_MediaInitialize@timeout            cstackCOMRAM 000053
SD_SPI_SectorRead@buffer                  cstackCOMRAM 000033
SD_SPI_SectorRead@i                       cstackCOMRAM 00003B
SD_SPI_SectorRead@info                    cstackCOMRAM 00003D
SD_SPI_SectorRead@result                  cstackCOMRAM 000039
SD_SPI_SectorRead@sector_address          cstackCOMRAM 00002F
SD_SPI_SectorRead@sector_count            cstackCOMRAM 000035
SD_SPI_SectorRead@status                  cstackCOMRAM 00003A
SD_SPI_SectorWrite@buffer                 cstackCOMRAM 000036
SD_SPI_SectorWrite@i                      cstackCOMRAM 00003E
SD_SPI_SectorWrite@info                   cstackCOMRAM 000040
SD_SPI_SectorWrite@result                 cstackCOMRAM 00003C
SD_SPI_SectorWrite@sector_address         cstackCOMRAM 000032
SD_SPI_SectorWrite@sector_count           cstackCOMRAM 000038
SD_SPI_SectorWrite@status                 cstackCOMRAM 00003D
SD_SendCmd@address                        cstackCOMRAM 00000C
SD_SendCmd@address_bytes                  cstackCOMRAM 000017
SD_SendCmd@cmd                            cstackCOMRAM 00001D
SD_SendCmd@longTimeout                    cstackCOMRAM 000013
SD_SendCmd@response                       cstackCOMRAM 00001E
SD_SendCmd@timeout                        cstackCOMRAM 00001B
SPI1_ExchangeBlock@block                  cstackCOMRAM 000001
SPI1_ExchangeBlock@blockSize              cstackCOMRAM 000003
SPI1_ExchangeBlock@data                   cstackCOMRAM 000005
SPI1_ExchangeByte@data                    cstackCOMRAM 000001
SPI1_Open@spi1UniqueConfiguration         cstackCOMRAM 000002
_ANSELA                                   (abs)        000F38
_ANSELB                                   (abs)        000F39
_ANSELC                                   (abs)        000F3A
_ANSELD                                   (abs)        000F3B
_ANSELE                                   (abs)        000F3C
_CurrVol                                  bssBANK1     00012E
_ExCvt                                    mediumconst  00FE87
_FatFs                                    bssBIGRAM    00068E
_FatFs@ff$F442                            bssBANK1     000129
_Fil                                      bssBIGRAM    000AF4
_Fsid                                     bssBANK1     000127
_INTCON2bits                              (abs)        000FF1
_INTCONbits                               (abs)        000FF2
_LATA                                     (abs)        000F89
_LATB                                     (abs)        000F8A
_LATC                                     (abs)        000F8B
_LATCbits                                 (abs)        000F8B
_LATD                                     (abs)        000F8C
_LATE                                     (abs)        000F8D
_OSCCON                                   (abs)        000FD3
_OSCCON2                                  (abs)        000FD2
_OSCILLATOR_Initialize                    text78       007C44
_OSCTUNE                                  (abs)        000F9B
_PIN_MANAGER_Initialize                   text77       007DDA
_PIR1bits                                 (abs)        000F9E
_SDFAST_open                              text65       007C28
_SDSLOW_open                              text66       007C20
_SD_SPI_AsyncReadTasks                    text59       00B374
_SD_SPI_AsyncWriteTasks                   text55       00CB6C
_SD_SPI_DelayMilliseconds                 text26       0080A4
_SD_SPI_IsMediaInitialized                text44       007CBE
_SD_SPI_IsMediaPresent                    text43       007C18
_SD_SPI_IsWriteProtected                  text42       007C1C
_SD_SPI_MediaInitialize                   text25       00D9C8
_SD_SPI_MediaInitialize$4529              cstackCOMRAM 000042
_SD_SPI_SectorRead                        text57       008F1E
_SD_SPI_SectorWrite                       text54       009054
_SD_SendCmd                               text62       00BC14
_SPI1_Close                               text58       007C14
_SPI1_ExchangeBlock                       text61       007F4A
_SPI1_ExchangeByte                        text64       007CD6
_SPI1_Initialize                          text76       007C60
_SPI1_Open                                text67       008732
_SPI1_ReadBlock                           (abs)        000000
_SPI1_ReadByte                            (abs)        000000
_SPI1_WriteBlock                          (abs)        000000
_SPI1_WriteByte                           (abs)        000000
_SSP1ADD                                  (abs)        000FC8
_SSP1BUF                                  (abs)        000FC9
_SSP1CON1                                 (abs)        000FC6
_SSP1CON1bits                             (abs)        000FC6
_SSP1CON2                                 (abs)        000FC5
_SSP1STAT                                 (abs)        000FC7
_SYSTEM_Initialize                        text75       007C52
_TRISA                                    (abs)        000F92
_TRISB                                    (abs)        000F93
_TRISC                                    (abs)        000F94
_TRISCbits                                (abs)        000F94
_TRISD                                    (abs)        000F95
_TRISE                                    (abs)        000F96
_WPUB                                     (abs)        000F61
__HRAM                                    (abs)        000000
__Habs1                                   abs1         000000
__Hbank0                                  bank0        000000
__Hbank1                                  bank1        000000
__Hbank10                                 bank10       000000
__Hbank11                                 bank11       000000
__Hbank12                                 bank12       000000
__Hbank13                                 bank13       000000
__Hbank14                                 bank14       000000
__Hbank15                                 bank15       000000
__Hbank2                                  bank2        000000
__Hbank3                                  bank3        000000
__Hbank4                                  bank4        000000
__Hbank5                                  bank5        000000
__Hbank6                                  bank6        000000
__Hbank7                                  bank7        000000
__Hbank8                                  bank8        000000
__Hbank9                                  bank9        000000
__Hbigbss                                 bigbss       000000
__Hbigdata                                bigdata      000000
__Hbigram                                 bigram       000000
__Hbigsfr                                 bigsfr       000000
__Hbss                                    bss          000000
__HbssBANK1                               bssBANK1     000000
__HbssBIGRAM                              bssBIGRAM    000000
__Hcinit                                  cinit        000000
__Hclrtext                                clrtext      000000
__Hcomram                                 comram       000000
__Hconfig                                 config       30000E
__Hconst                                  const        000000
__HcstackBANK0                            cstackBANK0  000000
__HcstackBANK1                            cstackBANK1  000000
__HcstackCOMRAM                           cstackCOMRAM 000000
__Hdata                                   data         000000
__HdataBANK1                              dataBANK1    000000
__Heeprom_data                            eeprom_data  000000
__Hfarbss                                 farbss       000000
__Hfardata                                fardata      000000
__Hheap                                   heap         00068E
__Hibigdata                               ibigdata     000000
__Hidata                                  idata        000000
__HidataBANK1                             idataBANK1   000000
__Hidloc                                  idloc        200008
__Hifardata                               ifardata     000000
__Hinit                                   init         000004
__Hintcode                                intcode      000000
__Hintcode_body                           intcode_body 000000
__Hintcodelo                              intcodelo    000000
__Hintentry                               intentry     000000
__Hintret                                 intret       000000
__Hintsave_regs                           intsave_regs 000000
__Hirdata                                 irdata       000000
__Hmediumconst                            mediumconst  010000
__HnvFARRAM                               nvFARRAM     000000
__Hnvbit                                  nvbit        000000
__Hnvrram                                 nvrram       000000
__Hparam                                  rparam       000000
__Hpowerup                                powerup      000000
__Hram                                    ram          000000
__Hramtop                                 ramtop       001000
__Hrbit                                   rbit         000000
__Hrbss                                   rbss         000000
__Hrdata                                  rdata        000000
__Hreset_vec                              reset_vec    000000
__Hrparam                                 rparam       000000
__Hsfr                                    sfr          000000
__Hsmallconst                             smallconst   000000
__Hspace_0                                (abs)        010000
__Hspace_1                                (abs)        000F38
__Hspace_2                                (abs)        000000
__Hspace_4                                (abs)        60000E
__Hstack                                  stack        000000
__Hstruct                                 struct       000000
__Htemp                                   temp         000000
__Htext                                   text         000000
__Htext0                                  text0        000000
__Htext1                                  text1        000000
__Htext10                                 text10       000000
__Htext11                                 text11       000000
__Htext12                                 text12       000000
__Htext13                                 text13       000000
__Htext14                                 text14       000000
__Htext15                                 text15       000000
__Htext16                                 text16       000000
__Htext17                                 text17       000000
__Htext18                                 text18       000000
__Htext19                                 text19       000000
__Htext2                                  text2        000000
__Htext20                                 text20       000000
__Htext21                                 text21       000000
__Htext22                                 text22       000000
__Htext23                                 text23       000000
__Htext24                                 text24       000000
__Htext25                                 text25       000000
__Htext26                                 text26       000000
__Htext27                                 text27       000000
__Htext28                                 text28       000000
__Htext29                                 text29       000000
__Htext3                                  text3        000000
__Htext30                                 text30       000000
__Htext31                                 text31       000000
__Htext32                                 text32       000000
__Htext33                                 text33       000000
__Htext34                                 text34       000000
__Htext35                                 text35       000000
__Htext36                                 text36       000000
__Htext37                                 text37       000000
__Htext38                                 text38       000000
__Htext39                                 text39       000000
__Htext4                                  text4        000000
__Htext40                                 text40       000000
__Htext41                                 text41       000000
__Htext42                                 text42       000000
__Htext43                                 text43       000000
__Htext44                                 text44       000000
__Htext45                                 text45       000000
__Htext46                                 text46       000000
__Htext47                                 text47       000000
__Htext48                                 text48       000000
__Htext49                                 text49       000000
__Htext5                                  text5        000000
__Htext50                                 text50       000000
__Htext51                                 text51       000000
__Htext52                                 text52       000000
__Htext53                                 text53       000000
__Htext54                                 text54       000000
__Htext55                                 text55       000000
__Htext56                                 text56       000000
__Htext57                                 text57       000000
__Htext58                                 text58       000000
__Htext59                                 text59       000000
__Htext6                                  text6        000000
__Htext60                                 text60       000000
__Htext61                                 text61       000000
__Htext62                                 text62       000000
__Htext63                                 text63       000000
__Htext64                                 text64       000000
__Htext65                                 text65       000000
__Htext66                                 text66       000000
__Htext67                                 text67       000000
__Htext68                                 text68       000000
__Htext69                                 text69       000000
__Htext7                                  text7        000000
__Htext70                                 text70       000000
__Htext71                                 text71       000000
__Htext72                                 text72       000000
__Htext73                                 text73       000000
__Htext74                                 text74       000000
__Htext75                                 text75       000000
__Htext76                                 text76       000000
__Htext77                                 text77       000000
__Htext78                                 text78       000000
__Htext79                                 text79       000000
__Htext8                                  text8        000000
__Htext9                                  text9        000000
__LRAM                                    (abs)        000001
__Labs1                                   abs1         000000
__Lbank0                                  bank0        000000
__Lbank1                                  bank1        000000
__Lbank10                                 bank10       000000
__Lbank11                                 bank11       000000
__Lbank12                                 bank12       000000
__Lbank13                                 bank13       000000
__Lbank14                                 bank14       000000
__Lbank15                                 bank15       000000
__Lbank2                                  bank2        000000
__Lbank3                                  bank3        000000
__Lbank4                                  bank4        000000
__Lbank5                                  bank5        000000
__Lbank6                                  bank6        000000
__Lbank7                                  bank7        000000
__Lbank8                                  bank8        000000
__Lbank9                                  bank9        000000
__Lbigbss                                 bigbss       000000
__Lbigdata                                bigdata      000000
__Lbigram                                 bigram       000000
__Lbigsfr                                 bigsfr       000000
__Lbss                                    bss          000000
__LbssBANK1                               bssBANK1     000000
__LbssBIGRAM                              bssBIGRAM    000000
__Lcinit                                  cinit        000000
__Lclrtext                                clrtext      000000
__Lcomram                                 comram       000000
__Lconfig                                 config       000000
__Lconst                                  const        000000
__LcstackBANK0                            cstackBANK0  000000
__LcstackBANK1                            cstackBANK1  000000
__LcstackCOMRAM                           cstackCOMRAM 000000
__Ldata                                   data         000000
__LdataBANK1                              dataBANK1    000000
__Leeprom_data                            eeprom_data  000000
__Lfarbss                                 farbss       000000
__Lfardata                                fardata      000000
__Lheap                                   heap         0001E0
__Libigdata                               ibigdata     000000
__Lidata                                  idata        000000
__LidataBANK1                             idataBANK1   000000
__Lidloc                                  idloc        000000
__Lifardata                               ifardata     000000
__Linit                                   init         000000
__Lintcode                                intcode      000000
__Lintcode_body                           intcode_body 000000
__Lintcodelo                              intcodelo    000000
__Lintentry                               intentry     000000
__Lintret                                 intret       000000
__Lintsave_regs                           intsave_regs 000000
__Lirdata                                 irdata       000000
__Lmediumconst                            mediumconst  00FE86
__LnvFARRAM                               nvFARRAM     000000
__Lnvbit                                  nvbit        000000
__Lnvrram                                 nvrram       000000
__Lparam                                  rparam       000000
__Lpowerup                                powerup      000000
__Lram                                    ram          000000
__Lramtop                                 ramtop       001000
__Lrbit                                   rbit         000000
__Lrbss                                   rbss         000000
__Lrdata                                  rdata        000000
__Lreset_vec                              reset_vec    000000
__Lrparam                                 rparam       000000
__Lsfr                                    sfr          000000
__Lsmallconst                             smallconst   000000
__Lspace_0                                (abs)        000000
__Lspace_1                                (abs)        000000
__Lspace_2                                (abs)        000000
__Lspace_4                                (abs)        000000
__Lstack                                  stack        000000
__Lstruct                                 struct       000000
__Ltemp                                   temp         000000
__Ltext                                   text         000000
__Ltext0                                  text0        000000
__Ltext1                                  text1        000000
__Ltext10                                 text10       000000
__Ltext11                                 text11       000000
__Ltext12                                 text12       000000
__Ltext13                                 text13       000000
__Ltext14                                 text14       000000
__Ltext15                                 text15       000000
__Ltext16                                 text16       000000
__Ltext17                                 text17       000000
__Ltext18                                 text18       000000
__Ltext19                                 text19       000000
__Ltext2                                  text2        000000
__Ltext20                                 text20       000000
__Ltext21                                 text21       000000
__Ltext22                                 text22       000000
__Ltext23                                 text23       000000
__Ltext24                                 text24       000000
__Ltext25                                 text25       000000
__Ltext26                                 text26       000000
__Ltext27                                 text27       000000
__Ltext28                                 text28       000000
__Ltext29                                 text29       000000
__Ltext3                                  text3        000000
__Ltext30                                 text30       000000
__Ltext31                                 text31       000000
__Ltext32                                 text32       000000
__Ltext33                                 text33       000000
__Ltext34                                 text34       000000
__Ltext35                                 text35       000000
__Ltext36                                 text36       000000
__Ltext37                                 text37       000000
__Ltext38                                 text38       000000
__Ltext39                                 text39       000000
__Ltext4                                  text4        000000
__Ltext40                                 text40       000000
__Ltext41                                 text41       000000
__Ltext42                                 text42       000000
__Ltext43                                 text43       000000
__Ltext44                                 text44       000000
__Ltext45                                 text45       000000
__Ltext46                                 text46       000000
__Ltext47                                 text47       000000
__Ltext48                                 text48       000000
__Ltext49                                 text49       000000
__Ltext5                                  text5        000000
__Ltext50                                 text50       000000
__Ltext51                                 text51       000000
__Ltext52                                 text52       000000
__Ltext53                                 text53       000000
__Ltext54                                 text54       000000
__Ltext55                                 text55       000000
__Ltext56                                 text56       000000
__Ltext57                                 text57       000000
__Ltext58                                 text58       000000
__Ltext59                                 text59       000000
__Ltext6                                  text6        000000
__Ltext60                                 text60       000000
__Ltext61                                 text61       000000
__Ltext62                                 text62       000000
__Ltext63                                 text63       000000
__Ltext64                                 text64       000000
__Ltext65                                 text65       000000
__Ltext66                                 text66       000000
__Ltext67                                 text67       000000
__Ltext68                                 text68       000000
__Ltext69                                 text69       000000
__Ltext7                                  text7        000000
__Ltext70                                 text70       000000
__Ltext71                                 text71       000000
__Ltext72                                 text72       000000
__Ltext73                                 text73       000000
__Ltext74                                 text74       000000
__Ltext75                                 text75       000000
__Ltext76                                 text76       000000
__Ltext77                                 text77       000000
__Ltext78                                 text78       000000
__Ltext79                                 text79       000000
__Ltext8                                  text8        000000
__Ltext9                                  text9        000000
__S0                                      (abs)        010000
__S1                                      (abs)        000F38
__S4                                      (abs)        000000
__S5                                      (abs)        000000
__S7                                      (abs)        00068E
___expand_heap                            text4        008682
___expand_heap@n                          cstackCOMRAM 000005
___expand_heap@new_brkp                   cstackCOMRAM 000007
___expand_heap@pn                         cstackCOMRAM 000001
___freelist                               bssBANK1     000119
___heap_hi                                heap         00068E
___heap_lo                                heap         0001E0
___inthi_sp                               stack        000000
___intlo_sp                               stack        000000
___lldiv                                  text37       008530
___lldiv@counter                          cstackCOMRAM 00000D
___lldiv@dividend                         cstackCOMRAM 000001
___lldiv@divisor                          cstackCOMRAM 000005
___lldiv@quotient                         cstackCOMRAM 000009
___lmul                                   text36       008168
___lmul@multiplicand                      cstackCOMRAM 000005
___lmul@multiplier                        cstackCOMRAM 000001
___lmul@product                           cstackCOMRAM 000009
___param_bank                             (abs)        000000
___rparam_used                            (abs)        000001
___simple_search_fl                       text3        00A55A
___simple_search_fl@best                  cstackCOMRAM 000013
___simple_search_fl@best_last             cstackCOMRAM 000009
___simple_search_fl@c                     cstackCOMRAM 000011
___simple_search_fl@last                  cstackCOMRAM 00000D
___simple_search_fl@n                     cstackCOMRAM 000001
___simple_search_fl@next                  cstackCOMRAM 00000F
___simple_search_fl@remaining_size        cstackCOMRAM 000007
___simple_search_fl@split                 cstackCOMRAM 00000B
___sp                                     stack        000000
__accesstop                               (abs)        000060
__activetblptr                            (abs)        000003
__end_of_ExCvt                            mediumconst  00FF07
__end_of_OSCILLATOR_Initialize            text78       007C52
__end_of_PIN_MANAGER_Initialize           text77       007E18
__end_of_SDFAST_open                      text65       007C30
__end_of_SDSLOW_open                      text66       007C28
__end_of_SD_SPI_AsyncReadTasks            text59       00B7C0
__end_of_SD_SPI_AsyncWriteTasks           text55       00D210
__end_of_SD_SPI_DelayMilliseconds         text26       008104
__end_of_SD_SPI_IsMediaInitialized        text44       007CD6
__end_of_SD_SPI_IsMediaPresent            text43       007C1C
__end_of_SD_SPI_IsWriteProtected          text42       007C20
__end_of_SD_SPI_MediaInitialize           text25       00E196
__end_of_SD_SPI_SectorRead                text57       009054
__end_of_SD_SPI_SectorWrite               text54       00918A
__end_of_SD_SendCmd                       text62       00C0BC
__end_of_SPI1_Close                       text58       007C18
__end_of_SPI1_ExchangeBlock               text61       007F9E
__end_of_SPI1_ExchangeByte                text64       007CF0
__end_of_SPI1_Initialize                  text76       007C72
__end_of_SPI1_Open                        text67       0087EA
__end_of_SYSTEM_Initialize                text75       007C60
__end_of___expand_heap                    text4        008732
__end_of___lldiv                          text37       0085D4
__end_of___lmul                           text36       0081D2
__end_of___simple_search_fl               text3        00A7D4
__end_of__initialization                  cinit        007E58
__end_of_append                           text68       008E04
__end_of_check_fs                         text27       00981C
__end_of_chk_chr                          text14       008168
__end_of_clst2sect                        text35       008A3A
__end_of_create_chain                     text30       00CB6C
__end_of_create_name                      text11       00BC14
__end_of_dbc_1st                          text13       007C3A
__end_of_dbc_2nd                          text12       007C44
__end_of_dir_alloc                        text17       00956C
__end_of_dir_clear                        text20       0096BC
__end_of_dir_find                         text10       009B16
__end_of_dir_next                         text19       00B374
__end_of_dir_register                     text15       008BF4
__end_of_dir_sdi                          text18       00AB5E
__end_of_disk_initialize                  text24       007FF2
__end_of_disk_ioctl                       text48       007D70
__end_of_disk_read                        text56       0082B2
__end_of_disk_status                      text41       0083A2
__end_of_disk_write                       text53       008326
__end_of_f_close                          text38       0080A4
__end_of_f_lseek                          text29       00E98C
__end_of_f_mount                          text21       008B12
__end_of_f_open                           text6        00D9C8
__end_of_f_sync                           text39       00A0B0
__end_of_f_write                          text5        00F206
__end_of_find_volume                      text22       00FE86
__end_of_follow_path                      text8        00A55A
__end_of_get_alt_data                     text74       007C84
__end_of_get_fat                          text32       00AF5E
__end_of_get_hum_data                     text73       007C96
__end_of_get_ldnumber                     text23       00941E
__end_of_get_temp_data                    text71       007D16
__end_of_get_vel_data                     text70       007CA8
__end_of_ld_clust                         text9        008422
__end_of_ld_dword                         text34       0088A2
__end_of_ld_word                          text33       007DDA
__end_of_main                             text0        008682
__end_of_malloc                           text2        0092D2
__end_of_mem_cmp                          text28       008530
__end_of_mem_cpy                          text16       00804A
__end_of_mem_set                          text47       007DA2
__end_of_memcpy                           text63       007F4A
__end_of_memset                           text60       009992
__end_of_move_window                      text51       00896E
__end_of_put_fat                          text31       00C5BC
__end_of_remove_chain                     text7        00A2E2
__end_of_sdmmc_cmdtable                   mediumconst  00FF57
__end_of_spi1_configuration               mediumconst  00FF8B
__end_of_spiMaster                        mediumconst  00FF7F
__end_of_st_clust                         text49       007EAA
__end_of_st_dword                         text46       00823E
__end_of_st_word                          text50       007D3E
__end_of_string_copy                      text72       0084A8
__end_of_strlen                           text69       007EFA
__end_of_sync_fs                          text45       009EB2
__end_of_sync_window                      text52       009CB4
__end_of_validate                         text40       008CF2
__end_of_write_to_file                    text1        008F1E
__initialization                          cinit        007E18
__mediumconst                             mediumconst  00FE86
__pbssBANK1                               bssBANK1     000100
__pbssBIGRAM                              bssBIGRAM    00068E
__pcinit                                  cinit        007E18
__pcstackBANK0                            cstackBANK0  000060
__pcstackBANK1                            cstackBANK1  00017F
__pcstackCOMRAM                           cstackCOMRAM 000001
__pdataBANK1                              dataBANK1    0001CA
__pidataBANK1                             idataBANK1   007CA8
__pmediumconst                            mediumconst  00FE86
__ptext0                                  text0        0085D4
__ptext1                                  text1        008E04
__ptext10                                 text10       009992
__ptext11                                 text11       00B7C0
__ptext12                                 text12       007C3A
__ptext13                                 text13       007C30
__ptext14                                 text14       008104
__ptext15                                 text15       008B12
__ptext16                                 text16       007FF2
__ptext17                                 text17       00941E
__ptext18                                 text18       00A7D4
__ptext19                                 text19       00AF5E
__ptext2                                  text2        00918A
__ptext20                                 text20       00956C
__ptext21                                 text21       008A3A
__ptext22                                 text22       00F206
__ptext23                                 text23       0092D2
__ptext24                                 text24       007F9E
__ptext25                                 text25       00D9C8
__ptext26                                 text26       0080A4
__ptext27                                 text27       0096BC
__ptext28                                 text28       0084A8
__ptext29                                 text29       00E196
__ptext3                                  text3        00A55A
__ptext30                                 text30       00C5BC
__ptext31                                 text31       00C0BC
__ptext32                                 text32       00AB5E
__ptext33                                 text33       007DA2
__ptext34                                 text34       0087EA
__ptext35                                 text35       00896E
__ptext36                                 text36       008168
__ptext37                                 text37       008530
__ptext38                                 text38       00804A
__ptext39                                 text39       009EB2
__ptext4                                  text4        008682
__ptext40                                 text40       008BF4
__ptext41                                 text41       008326
__ptext42                                 text42       007C1C
__ptext43                                 text43       007C18
__ptext44                                 text44       007CBE
__ptext45                                 text45       009CB4
__ptext46                                 text46       0081D2
__ptext47                                 text47       007D70
__ptext48                                 text48       007D3E
__ptext49                                 text49       007E5E
__ptext5                                  text5        00E98C
__ptext50                                 text50       007D16
__ptext51                                 text51       0088A2
__ptext52                                 text52       009B16
__ptext53                                 text53       0082B2
__ptext54                                 text54       009054
__ptext55                                 text55       00CB6C
__ptext56                                 text56       00823E
__ptext57                                 text57       008F1E
__ptext58                                 text58       007C14
__ptext59                                 text59       00B374
__ptext6                                  text6        00D210
__ptext60                                 text60       00981C
__ptext61                                 text61       007F4A
__ptext62                                 text62       00BC14
__ptext63                                 text63       007EFA
__ptext64                                 text64       007CD6
__ptext65                                 text65       007C28
__ptext66                                 text66       007C20
__ptext67                                 text67       008732
__ptext68                                 text68       008CF2
__ptext69                                 text69       007EAA
__ptext7                                  text7        00A0B0
__ptext70                                 text70       007C96
__ptext71                                 text71       007CF0
__ptext72                                 text72       008422
__ptext73                                 text73       007C84
__ptext74                                 text74       007C72
__ptext75                                 text75       007C52
__ptext76                                 text76       007C60
__ptext77                                 text77       007DDA
__ptext78                                 text78       007C44
__ptext79                                 text79       000000
__ptext8                                  text8        00A2E2
__ptext9                                  text9        0083A2
__ramtop                                  ramtop       001000
__smallconst                              smallconst   000000
_alt_data                                 bssBANK1     000157
_append                                   text68       008CF2
_brkp                                     bssBANK1     00011B
_check_fs                                 text27       0096BC
_chk_chr                                  text14       008104
_clst2sect                                text35       00896E
_create_chain                             text30       00C5BC
_create_name                              text11       00B7C0
_create_name$1092                         cstackCOMRAM 00000F
_create_name$1097                         cstackCOMRAM 000011
_dbc_1st                                  text13       007C30
_dbc_2nd                                  text12       007C3A
_dir_alloc                                text17       00941E
_dir_clear                                text20       00956C
_dir_find                                 text10       009992
_dir_next                                 text19       00AF5E
_dir_register                             text15       008B12
_dir_sdi                                  text18       00A7D4
_disk_initialize                          text24       007F9E
_disk_ioctl                               text48       007D3E
_disk_read                                text56       00823E
_disk_status                              text41       008326
_disk_write                               text53       0082B2
_drive                                    bssBIGRAM    0008C1
_errno                                    bssBANK1     00011D
_f_close                                  text38       00804A
_f_lseek                                  text29       00E196
_f_mount                                  text21       008A3A
_f_open                                   text6        00D210
_f_sync                                   text39       009EB2
_f_write                                  text5        00E98C
_f_write$1546                             cstackBANK0  0000C9
_file                                     bssBIGRAM    000D16
_find_volume                              text22       00F206
_find_volume$1230                         cstackBANK0  00009B
_find_volume$1231                         cstackBANK0  00009F
_follow_path                              text8        00A2E2
_get_alt_data                             text74       007C72
_get_fat                                  text32       00AB5E
_get_fat$612                              cstackBANK0  000085
_get_hum_data                             text73       007C84
_get_ldnumber                             text23       0092D2
_get_temp_data                            text71       007CF0
_get_vel_data                             text70       007C96
_hum_data                                 bssBANK1     000143
_ioInfo                                   bssBANK1     000100
_ld_clust                                 text9        0083A2
_ld_dword                                 text34       0087EA
_ld_word                                  text33       007DA2
_main                                     text0        0085D4
_malloc                                   text2        00918A
_mediaInformation                         dataBANK1    0001D7
_mem_cmp                                  text28       0084A8
_mem_cpy                                  text16       007FF2
_mem_set                                  text47       007D70
_memcpy                                   text63       007EFA
_memset                                   text60       00981C
_move_window                              text51       0088A2
_put_fat                                  text31       00C0BC
_put_fat$641                              cstackBANK0  00008F
_put_fat$642                              cstackBANK0  000091
_remove_chain                             text7        00A0B0
_sdmmc_cmdtable                           mediumconst  00FF07
_spi1_configuration                       mediumconst  00FF7F
_spiMaster                                mediumconst  00FF57
_st_clust                                 text49       007E5E
_st_dword                                 text46       0081D2
_st_word                                  text50       007D16
_string_copy                              text72       008422
_strlen                                   text69       007EAA
_sync_fs                                  text45       009CB4
_sync_window                              text52       009B16
_temp_data                                bssBANK1     00016B
_validate                                 text40       008BF4
_validate$1262                            cstackCOMRAM 00000D
_vel_data                                 bssBANK1     00012F
_write_to_file                            text1        008E04
append@counter                            cstackCOMRAM 000013
append@dest                               cstackCOMRAM 000007
append@dest_size                          cstackCOMRAM 000011
append@result                             cstackCOMRAM 000005
append@source                             cstackCOMRAM 000009
append@source_size                        cstackCOMRAM 00000F
check_fs@fs                               cstackBANK0  000077
check_fs@sect                             cstackBANK0  000079
chk_chr@chr                               cstackCOMRAM 000003
chk_chr@str                               cstackCOMRAM 000001
clst2sect@clst                            cstackCOMRAM 00000F
clst2sect@fs                              cstackCOMRAM 00000D
create_chain@clst                         cstackBANK0  00009A
create_chain@cs                           cstackBANK0  0000B1
create_chain@fs                           cstackBANK0  0000AF
create_chain@ncl                          cstackBANK0  0000AB
create_chain@obj                          cstackBANK0  000098
create_chain@res                          cstackBANK0  0000A6
create_chain@scl                          cstackBANK0  0000A7
create_name@c                             cstackCOMRAM 00001E
create_name@d                             cstackCOMRAM 000013
create_name@dp                            cstackCOMRAM 000009
create_name@i                             cstackCOMRAM 000018
create_name@ni                            cstackCOMRAM 000014
create_name@p                             cstackCOMRAM 000016
create_name@path                          cstackCOMRAM 00000B
create_name@sfn                           cstackCOMRAM 00001A
create_name@si                            cstackCOMRAM 00001C
dbc_1st@c                                 cstackCOMRAM 000003
dbc_2nd@c                                 cstackCOMRAM 000003
dir_alloc@dp                              cstackBANK0  0000CF
dir_alloc@fs                              cstackBANK0  0000D6
dir_alloc@n                               cstackBANK0  0000D8
dir_alloc@nent                            cstackBANK0  0000D1
dir_alloc@res                             cstackBANK0  0000DA
dir_clear@clst                            cstackBANK0  000072
dir_clear@fs                              cstackBANK0  000070
dir_clear@ibuf                            cstackBANK0  000076
dir_clear@n                               cstackBANK0  00007E
dir_clear@sect                            cstackBANK0  000078
dir_clear@szb                             cstackBANK0  00007C
dir_find@c                                cstackBANK0  0000D5
dir_find@dp                               cstackBANK0  0000CF
dir_find@fs                               cstackBANK0  0000D3
dir_find@res                              cstackBANK0  0000D6
dir_next@clst                             cstackBANK0  0000CB
dir_next@dp                               cstackBANK0  0000B5
dir_next@fs                               cstackBANK0  0000C9
dir_next@ofs                              cstackBANK0  0000C5
dir_next@stretch                          cstackBANK0  0000B7
dir_register@dp                           cstackBANK0  0000DB
dir_register@fs                           cstackBANK0  0000DD
dir_register@res                          cstackBANK0  0000DF
dir_sdi@clst                              cstackBANK0  0000A5
dir_sdi@csz                               cstackBANK0  0000A1
dir_sdi@dp                                cstackBANK0  000091
dir_sdi@fs                                cstackBANK0  0000A9
dir_sdi@ofs                               cstackBANK0  000093
disk_initialize@pdrv                      cstackCOMRAM 000057
disk_initialize@stat                      cstackCOMRAM 000058
disk_ioctl@buff                           cstackCOMRAM 000002
disk_ioctl@cmd                            cstackCOMRAM 000001
disk_ioctl@pdrv                           cstackCOMRAM 000006
disk_read@buff                            cstackCOMRAM 00004A
disk_read@count                           cstackCOMRAM 000050
disk_read@pdrv                            cstackCOMRAM 000054
disk_read@res                             cstackCOMRAM 000055
disk_read@sector                          cstackCOMRAM 00004C
disk_status@pdrv                          cstackCOMRAM 000003
disk_status@stat                          cstackCOMRAM 000004
disk_write@buff                           cstackCOMRAM 00004D
disk_write@count                          cstackCOMRAM 000053
disk_write@pdrv                           cstackCOMRAM 000057
disk_write@res                            cstackCOMRAM 000058
disk_write@sector                         cstackCOMRAM 00004F
end_of_initialization                     cinit        007E58
f_close@fp                                cstackBANK0  00007F
f_close@fs                                cstackBANK0  000081
f_close@res                               cstackBANK0  000083
f_lseek@bcs                               cstackBANK0  0000D4
f_lseek@clst                              cstackBANK0  0000DA
f_lseek@fp                                cstackBANK0  0000B5
f_lseek@fs                                cstackBANK0  0000D8
f_lseek@ifptr                             cstackBANK0  0000CC
f_lseek@nsect                             cstackBANK0  0000D0
f_lseek@ofs                               cstackBANK0  0000B7
f_lseek@res                               cstackBANK0  0000CB
f_mount@cfs                               cstackBANK0  0000CD
f_mount@fs                                cstackBANK0  0000C5
f_mount@opt                               cstackBANK0  0000C9
f_mount@path                              cstackBANK0  0000C7
f_mount@res                               cstackBANK0  0000CA
f_mount@rp                                cstackBANK0  0000CB
f_mount@vol                               cstackBANK0  0000CF
f_open@bcs                                cstackBANK1  000187
f_open@cl                                 cstackBANK1  00018B
f_open@clst                               cstackBANK1  000193
f_open@dj                                 cstackBANK1  00019A
f_open@dw                                 cstackBANK1  00017F
f_open@fp                                 cstackBANK0  0000E5
f_open@fs                                 cstackBANK1  000197
f_open@mode                               cstackBANK0  0000E9
f_open@ofs                                cstackBANK1  00018F
f_open@path                               cstackBANK0  0000E7
f_open@res                                cstackBANK1  000199
f_open@sc                                 cstackBANK1  000183
f_sync@dir                                cstackBANK0  00007B
f_sync@fp                                 cstackBANK0  000078
f_sync@fs                                 cstackBANK0  00007D
f_sync@res                                cstackBANK0  00007A
f_write@btw                               cstackBANK0  0000B9
f_write@buff                              cstackBANK0  0000B7
f_write@bw                                cstackBANK0  0000BB
f_write@cc                                cstackBANK0  0000D2
f_write@clst                              cstackBANK0  0000D4
f_write@csect                             cstackBANK0  0000D0
f_write@fp                                cstackBANK0  0000B5
f_write@fs                                cstackBANK0  0000DE
f_write@res                               cstackBANK0  0000CD
f_write@sect                              cstackBANK0  0000DA
f_write@wbuff                             cstackBANK0  0000CE
f_write@wcnt                              cstackBANK0  0000D8
find_volume@br                            cstackBANK0  00008B
find_volume@bsect                         cstackBANK0  0000BC
find_volume@fasize                        cstackBANK0  0000B8
find_volume@fmt                           cstackBANK0  0000C2
find_volume@fs                            cstackBANK0  0000C3
find_volume@i                             cstackBANK0  0000C0
find_volume@mode                          cstackBANK0  000082
find_volume@nclst                         cstackBANK0  0000B4
find_volume@nrsv                          cstackBANK0  0000AD
find_volume@path                          cstackBANK0  00007E
find_volume@pt                            cstackBANK0  0000A5
find_volume@rfs                           cstackBANK0  000080
find_volume@stat                          cstackBANK0  0000B3
find_volume@sysect                        cstackBANK0  0000A7
find_volume@szbfat                        cstackBANK0  0000A1
find_volume@tsect                         cstackBANK0  0000AF
find_volume@vol                           cstackBANK0  0000AB
follow_path@dp                            cstackBANK0  0000D7
follow_path@fs                            cstackBANK0  0000E1
follow_path@ns                            cstackBANK0  0000E3
follow_path@path                          cstackBANK0  0000D9
follow_path@res                           cstackBANK0  0000E4
get_alt_data@alt_string                   cstackCOMRAM 000001
get_fat@bc                                cstackBANK0  00008D
get_fat@clst                              cstackBANK0  000079
get_fat@fs                                cstackBANK0  00008F
get_fat@obj                               cstackBANK0  000077
get_fat@val                               cstackBANK0  000087
get_fat@wc                                cstackBANK0  00008B
get_hum_data@hum_string                   cstackCOMRAM 000001
get_ldnumber@i                            cstackCOMRAM 000005
get_ldnumber@path                         cstackCOMRAM 000001
get_ldnumber@tc                           cstackCOMRAM 000009
get_ldnumber@tp                           cstackCOMRAM 00000C
get_ldnumber@tt                           cstackCOMRAM 000007
get_ldnumber@vol                          cstackCOMRAM 00000A
get_temp_data@temp_string                 cstackCOMRAM 00000C
get_vel_data@vel_string                   cstackCOMRAM 000001
intlevel0                                 text         000000
intlevel1                                 text         000000
intlevel2                                 text         000000
intlevel3                                 text         000000
isa$std                                   (abs)        000001
isa$xinst                                 (abs)        000000
ld_clust@cl                               cstackCOMRAM 000010
ld_clust@dir                              cstackCOMRAM 00000A
ld_clust@fs                               cstackCOMRAM 000008
ld_dword@ptr                              cstackCOMRAM 000001
ld_dword@rv                               cstackCOMRAM 00000A
ld_word@ptr                               cstackCOMRAM 000001
ld_word@rv                                cstackCOMRAM 000006
main@alt_file                             cstackBANK1  0001C4
main@hum_file                             cstackBANK1  0001C6
main@temp_file                            cstackBANK1  0001C2
main@vel_file                             cstackBANK1  0001C8
malloc@cur                                bssBANK1     000121
malloc@end                                bssBANK1     00011F
malloc@lock                               bssBANK1     00010D
malloc@m                                  cstackCOMRAM 000019
malloc@n                                  cstackCOMRAM 000015
malloc@new                                cstackCOMRAM 00001F
malloc@p                                  cstackCOMRAM 00001D
malloc@sz                                 cstackCOMRAM 00001B
mem_cmp@cnt                               cstackCOMRAM 000005
mem_cmp@d                                 cstackCOMRAM 000009
mem_cmp@dst                               cstackCOMRAM 000001
mem_cmp@r                                 cstackCOMRAM 00000D
mem_cmp@s                                 cstackCOMRAM 00000B
mem_cmp@src                               cstackCOMRAM 000003
mem_cpy@cnt                               cstackCOMRAM 000005
mem_cpy@d                                 cstackCOMRAM 000007
mem_cpy@dst                               cstackCOMRAM 000001
mem_cpy@s                                 cstackCOMRAM 000009
mem_cpy@src                               cstackCOMRAM 000003
mem_set@cnt                               cstackCOMRAM 000005
mem_set@d                                 cstackCOMRAM 000007
mem_set@dst                               cstackCOMRAM 000001
mem_set@val                               cstackCOMRAM 000003
memcpy@d                                  cstackCOMRAM 000007
memcpy@d1                                 cstackCOMRAM 000001
memcpy@n                                  cstackCOMRAM 000005
memcpy@s                                  cstackCOMRAM 000009
memcpy@s1                                 cstackCOMRAM 000003
memcpy@tmp                                cstackCOMRAM 00000B
memset@c                                  cstackCOMRAM 000003
memset@dest                               cstackCOMRAM 000001
memset@k                                  cstackCOMRAM 000009
memset@n                                  cstackCOMRAM 000005
memset@s                                  cstackCOMRAM 00000B
move_window@fs                            cstackBANK0  000070
move_window@res                           cstackBANK0  000076
move_window@sector                        cstackBANK0  000072
put_fat@bc                                cstackBANK0  000095
put_fat@clst                              cstackBANK0  000079
put_fat@fs                                cstackBANK0  000077
put_fat@p                                 cstackBANK0  000093
put_fat@res                               cstackBANK0  000097
put_fat@val                               cstackBANK0  00007D
remove_chain@clst                         cstackBANK0  00009A
remove_chain@fs                           cstackBANK0  0000AF
remove_chain@nxt                          cstackBANK0  0000AA
remove_chain@obj                          cstackBANK0  000098
remove_chain@pclst                        cstackBANK0  00009E
remove_chain@res                          cstackBANK0  0000AE
st_clust@cl                               cstackCOMRAM 000009
st_clust@dir                              cstackCOMRAM 000007
st_clust@fs                               cstackCOMRAM 000005
st_dword@ptr                              cstackCOMRAM 000001
st_dword@val                              cstackCOMRAM 000003
st_word@ptr                               cstackCOMRAM 000001
st_word@val                               cstackCOMRAM 000003
stackhi                                   (abs)        000000
stacklo                                   (abs)        000000
start                                     init         000000
start_initialization                      cinit        007E18
string_copy@counter                       cstackCOMRAM 00000A
string_copy@dest                          cstackCOMRAM 000001
string_copy@source                        cstackCOMRAM 000003
strlen@a                                  cstackCOMRAM 000003
strlen@s                                  cstackCOMRAM 000001
sync_fs@fs                                cstackCOMRAM 00005C
sync_fs@res                               cstackCOMRAM 00005E
sync_window@fs                            cstackCOMRAM 000059
sync_window@res                           cstackCOMRAM 00005B
validate@obj                              cstackCOMRAM 000005
validate@res                              cstackCOMRAM 00000F
validate@rfs                              cstackCOMRAM 000007
write_to_file@bw                          cstackBANK0  0000FC
write_to_file@data                        cstackBANK0  0000F4
write_to_file@data_size                   cstackBANK0  0000FA
write_to_file@file_name                   cstackBANK0  0000F2
write_to_file@formatted_data              cstackBANK0  0000FE


MODULE INFORMATION

Module		Function		Class		Link	Load	Size
C:\Program Files\Microchip\xc8\v2.40\pic\sources\c99\common\memcpy.c
		_memcpy        		CODE           	7EFA	0000	80

C:\Program Files\Microchip\xc8\v2.40\pic\sources\c99\common\memcpy.c estimated size: 80

mcc_generated_files/fatfs/ff.c
		_clst2sect     		CODE           	896E	0000	204
		_mem_cpy       		CODE           	7FF2	0000	88
		_find_volume   		CODE           	F206	0000	3200
		_dir_clear     		CODE           	956C	0000	336
		_ld_dword      		CODE           	87EA	0000	184
		_remove_chain  		CODE           	A0B0	0000	562
		_f_mount       		CODE           	8A3A	0000	216
		_get_fat       		CODE           	AB5E	0000	1024
		_st_word       		CODE           	7D16	0000	40
		_get_ldnumber  		CODE           	92D2	0000	332
		_st_clust      		CODE           	7E5E	0000	76
		_create_name   		CODE           	B7C0	0000	1108
		_chk_chr       		CODE           	8104	0000	100
		_create_chain  		CODE           	C5BC	0000	1456
		_dbc_1st       		CODE           	7C30	0000	10
		_f_lseek       		CODE           	E196	0000	2038
		_validate      		CODE           	8BF4	0000	254
		_check_fs      		CODE           	96BC	0000	352
		_f_sync        		CODE           	9EB2	0000	510
		_st_dword      		CODE           	81D2	0000	108
		_f_write       		CODE           	E98C	0000	2170
		_mem_set       		CODE           	7D70	0000	50
		_dir_alloc     		CODE           	941E	0000	334
		_put_fat       		CODE           	C0BC	0000	1280
		_sync_fs       		CODE           	9CB4	0000	510
		_dir_next      		CODE           	AF5E	0000	1046
		_sync_window   		CODE           	9B16	0000	414
		_dir_register  		CODE           	8B12	0000	226
		_ld_word       		CODE           	7DA2	0000	56
		_dir_find      		CODE           	9992	0000	388
		_f_open        		CODE           	D210	0000	1976
		_mem_cmp       		CODE           	84A8	0000	136
		_f_close       		CODE           	804A	0000	90
		_dir_sdi       		CODE           	A7D4	0000	906
		_follow_path   		CODE           	A2E2	0000	632
		_dbc_2nd       		CODE           	7C3A	0000	10
		_ld_clust      		CODE           	83A2	0000	128
		_move_window   		CODE           	88A2	0000	204

mcc_generated_files/fatfs/ff.c estimated size: 22754

C:\Program Files\Microchip\xc8\v2.40\pic\sources\c99\common\expand_heap.c
		___expand_heap 		CODE           	8682	0000	176

C:\Program Files\Microchip\xc8\v2.40\pic\sources\c99\common\expand_heap.c estimated size: 176

C:\Program Files\Microchip\xc8\v2.40\pic\sources\c99\common\__lldiv.c
		___lldiv       		CODE           	8530	0000	164

C:\Program Files\Microchip\xc8\v2.40\pic\sources\c99\common\__lldiv.c estimated size: 164

C:\Program Files\Microchip\xc8\v2.40\pic\sources\c99\common\lite_malloc.c
		_malloc        		CODE           	918A	0000	328

C:\Program Files\Microchip\xc8\v2.40\pic\sources\c99\common\lite_malloc.c estimated size: 328

mcc_generated_files/pin_manager.c
		_PIN_MANAGER_Initialize		CODE           	7DDA	0000	62

mcc_generated_files/pin_manager.c estimated size: 62

mcc_generated_files/spi1.c
		_SPI1_ExchangeBlock		CODE           	7F4A	0000	84
		_SPI1_Open     		CODE           	8732	0000	184
		_SPI1_Initialize		CODE           	7C60	0000	18
		_SPI1_Close    		CODE           	7C14	0000	4
		_SPI1_ExchangeByte		CODE           	7CD6	0000	26

mcc_generated_files/spi1.c estimated size: 316

C:\Program Files\Microchip\xc8\v2.40\pic\sources\c99\common\Umul32.c
		___lmul        		CODE           	8168	0000	106

C:\Program Files\Microchip\xc8\v2.40\pic\sources\c99\common\Umul32.c estimated size: 106

mcc_generated_files/fatfs/diskio.c
		_disk_initialize		CODE           	7F9E	0000	84
		_disk_write    		CODE           	82B2	0000	116
		_disk_status   		CODE           	8326	0000	124
		_disk_ioctl    		CODE           	7D3E	0000	50
		_disk_read     		CODE           	823E	0000	116

mcc_generated_files/fatfs/diskio.c estimated size: 490

C:\Program Files\Microchip\xc8\v2.40\pic\sources\c99\common\lite_free.c
		___simple_search_fl		CODE           	A55A	0000	634

C:\Program Files\Microchip\xc8\v2.40\pic\sources\c99\common\lite_free.c estimated size: 634

C:\Program Files\Microchip\xc8\v2.40\pic\sources\c99\common\strlen.c
		_strlen        		CODE           	7EAA	0000	80

C:\Program Files\Microchip\xc8\v2.40\pic\sources\c99\common\strlen.c estimated size: 80

mcc_generated_files/drivers/spi_master.c
		_SDSLOW_open   		CODE           	7C20	0000	8
		_SDFAST_open   		CODE           	7C28	0000	8

mcc_generated_files/drivers/spi_master.c estimated size: 16

shared
		_ExCvt         		MEDIUMCONST    	FE87	0000	128
		__initialization		CODE           	7E18	0000	64
		_sdmmc_cmdtable		MEDIUMCONST    	FF07	0000	80
		_spiMaster     		MEDIUMCONST    	FF57	0000	40
		_spi1_configuration		MEDIUMCONST    	FF7F	0000	12

shared estimated size: 324

mcc_generated_files/mcc.c
		_OSCILLATOR_Initialize		CODE           	7C44	0000	14
		_SYSTEM_Initialize		CODE           	7C52	0000	14

mcc_generated_files/mcc.c estimated size: 28

C:\Program Files\Microchip\xc8\v2.40\pic\sources\c99\common\memset.c
		_memset        		CODE           	981C	0000	374

C:\Program Files\Microchip\xc8\v2.40\pic\sources\c99\common\memset.c estimated size: 374

main.c
		_get_alt_data  		CODE           	7C72	0000	18
		_write_to_file 		CODE           	8E04	0000	282
		_main          		CODE           	85D4	0000	174
		_get_temp_data 		CODE           	7CF0	0000	38
		_append        		CODE           	8CF2	0000	274
		_string_copy   		CODE           	8422	0000	134
		_get_hum_data  		CODE           	7C84	0000	18
		_get_vel_data  		CODE           	7C96	0000	18

main.c estimated size: 956

mcc_generated_files/sd_spi/sd_spi.c
		_SD_SPI_IsWriteProtected		CODE           	7C1C	0000	4
		_SD_SPI_IsMediaInitialized		CODE           	7CBE	0000	24
		_SD_SPI_DelayMilliseconds		CODE           	80A4	0000	96
		_SD_SPI_IsMediaPresent		CODE           	7C18	0000	4
		_SD_SPI_SectorWrite		CODE           	9054	0000	310
		_SD_SPI_MediaInitialize		CODE           	D9C8	0000	1998
		_SD_SendCmd    		CODE           	BC14	0000	1192
		_SD_SPI_AsyncReadTasks		CODE           	B374	0000	1100
		_SD_SPI_AsyncWriteTasks		CODE           	CB6C	0000	1700
		_SD_SPI_SectorRead		CODE           	8F1E	0000	310

mcc_generated_files/sd_spi/sd_spi.c estimated size: 6738

